<?xml version="1.0" encoding="utf-8"?>
<TestRun id="3f69b027-d859-409f-b3ba-731b63fcb653" name="elka01@WAP174432 2026-06-12 19:37:10" runUser="SMS-GROUP\elka01" xmlns="http://microsoft.com/schemas/VisualStudio/TeamTest/2010">
  <Times creation="2026-06-12T19:37:10.7878778+03:00" queuing="2026-06-12T19:37:10.7878786+03:00" start="2026-06-12T19:36:58.8387214+03:00" finish="2026-06-12T19:37:12.7561445+03:00" />
  <TestSettings name="default" id="cde8e861-d8c8-4b8d-b3b9-0b343130edb5">
    <Deployment runDeploymentRoot="elka01_WAP174432_2026-06-12_19_37_10" />
  </TestSettings>
  <Results>
    <UnitTestResult executionId="f911bf0d-4a67-4231-8504-a4858da9a3c7" testId="ba029982-8615-4764-f472-68026664600d" testName="PlantProcess.Architecture.Tests.ArchitectureDependencyDirectionTests.Application_must_not_reference_infrastructure_or_api" computerName="WAP174432" duration="00:00:00.1536283" startTime="2026-06-12T19:37:10.6665554+03:00" endTime="2026-06-12T19:37:10.6665558+03:00" testType="13cdc9d9-ddb5-4fa4-a97d-d965ccfc6d4b" outcome="Passed" testListId="8c84fa94-04c1-424b-9868-57a2d4851a1d" relativeResultsDirectory="f911bf0d-4a67-4231-8504-a4858da9a3c7" />
    <UnitTestResult executionId="e3c89374-4e78-47f1-b7fe-9d31590a94fe" testId="f032d404-06f4-1783-9185-4f20612da947" testName="PlantProcess.Architecture.Tests.ArchitectureDependencyDirectionTests.Domain_must_not_reference_application_infrastructure_or_api" computerName="WAP174432" duration="00:00:00.0000933" startTime="2026-06-12T19:37:10.6690429+03:00" endTime="2026-06-12T19:37:10.6690432+03:00" testType="13cdc9d9-ddb5-4fa4-a97d-d965ccfc6d4b" outcome="Passed" testListId="8c84fa94-04c1-424b-9868-57a2d4851a1d" relativeResultsDirectory="e3c89374-4e78-47f1-b7fe-9d31590a94fe" />
    <UnitTestResult executionId="b962476b-8a08-44f9-bb34-5fe23d0e879a" testId="74e0380e-dca6-ba62-cfa0-efdc86936943" testName="PlantProcess.Architecture.Tests.ArchitectureDependencyDirectionTests.Api_must_not_reference_test_projects" computerName="WAP174432" duration="00:00:01.7474688" startTime="2026-06-12T19:37:12.5458881+03:00" endTime="2026-06-12T19:37:12.5458904+03:00" testType="13cdc9d9-ddb5-4fa4-a97d-d965ccfc6d4b" outcome="Passed" testListId="8c84fa94-04c1-424b-9868-57a2d4851a1d" relativeResultsDirectory="b962476b-8a08-44f9-bb34-5fe23d0e879a" />
    <UnitTestResult executionId="cbfe6e0f-066c-4d64-85f5-18ae18da1b37" testId="8d028da5-25d6-e0a4-1ecf-6e06672f5d87" testName="PlantProcess.Architecture.Tests.ArchitectureDependencyDirectionTests.Analytics_core_must_not_depend_on_api_or_infrastructure" computerName="WAP174432" duration="00:00:00.0011148" startTime="2026-06-12T19:37:10.6684932+03:00" endTime="2026-06-12T19:37:10.6684936+03:00" testType="13cdc9d9-ddb5-4fa4-a97d-d965ccfc6d4b" outcome="Passed" testListId="8c84fa94-04c1-424b-9868-57a2d4851a1d" relativeResultsDirectory="cbfe6e0f-066c-4d64-85f5-18ae18da1b37" />
    <UnitTestResult executionId="a045390d-e1a6-447b-90ae-2019275f6ad4" testId="8cf6b73b-4174-ddb9-fbef-48e432ca72bb" testName="PlantProcess.Architecture.Tests.ArchitectureDependencyDirectionTests.Infrastructure_must_not_reference_api" computerName="WAP174432" duration="00:00:00.1298140" startTime="2026-06-12T19:37:10.7977785+03:00" endTime="2026-06-12T19:37:10.7977794+03:00" testType="13cdc9d9-ddb5-4fa4-a97d-d965ccfc6d4b" outcome="Passed" testListId="8c84fa94-04c1-424b-9868-57a2d4851a1d" relativeResultsDirectory="a045390d-e1a6-447b-90ae-2019275f6ad4" />
    <UnitTestResult executionId="9ee3da9b-1348-45f2-9f2b-4199fd2ffdf9" testId="4502628b-f4f5-6175-27b8-4c8411fc37af" testName="PlantProcess.Architecture.Tests.ArchitectureDependencyDirectionTests.Domain_must_remain_free_of_entity_framework_references" computerName="WAP174432" duration="00:00:01.3551593" startTime="2026-06-12T19:37:10.5125522+03:00" endTime="2026-06-12T19:37:10.5126040+03:00" testType="13cdc9d9-ddb5-4fa4-a97d-d965ccfc6d4b" outcome="Passed" testListId="8c84fa94-04c1-424b-9868-57a2d4851a1d" relativeResultsDirectory="9ee3da9b-1348-45f2-9f2b-4199fd2ffdf9" />
  </Results>
  <TestDefinitions>
    <UnitTest name="PlantProcess.Architecture.Tests.ArchitectureDependencyDirectionTests.Analytics_core_must_not_depend_on_api_or_infrastructure" storage="c:\workspace\plantprocess-iq\backend\tests\plantprocess.architecture.tests\bin\release\net9.0\plantprocess.architecture.tests.dll" id="8d028da5-25d6-e0a4-1ecf-6e06672f5d87">
      <Execution id="cbfe6e0f-066c-4d64-85f5-18ae18da1b37" />
      <TestMethod codeBase="C:\Workspace\PlantProcess-IQ\Backend\tests\PlantProcess.Architecture.Tests\bin\Release\net9.0\PlantProcess.Architecture.Tests.dll" adapterTypeName="executor://xunit/VsTestRunner2/netcoreapp" className="PlantProcess.Architecture.Tests.ArchitectureDependencyDirectionTests" name="Analytics_core_must_not_depend_on_api_or_infrastructure" />
    </UnitTest>
    <UnitTest name="PlantProcess.Architecture.Tests.ArchitectureDependencyDirectionTests.Api_must_not_reference_test_projects" storage="c:\workspace\plantprocess-iq\backend\tests\plantprocess.architecture.tests\bin\release\net9.0\plantprocess.architecture.tests.dll" id="74e0380e-dca6-ba62-cfa0-efdc86936943">
      <Execution id="b962476b-8a08-44f9-bb34-5fe23d0e879a" />
      <TestMethod codeBase="C:\Workspace\PlantProcess-IQ\Backend\tests\PlantProcess.Architecture.Tests\bin\Release\net9.0\PlantProcess.Architecture.Tests.dll" adapterTypeName="executor://xunit/VsTestRunner2/netcoreapp" className="PlantProcess.Architecture.Tests.ArchitectureDependencyDirectionTests" name="Api_must_not_reference_test_projects" />
    </UnitTest>
    <UnitTest name="PlantProcess.Architecture.Tests.ArchitectureDependencyDirectionTests.Application_must_not_reference_infrastructure_or_api" storage="c:\workspace\plantprocess-iq\backend\tests\plantprocess.architecture.tests\bin\release\net9.0\plantprocess.architecture.tests.dll" id="ba029982-8615-4764-f472-68026664600d">
      <Execution id="f911bf0d-4a67-4231-8504-a4858da9a3c7" />
      <TestMethod codeBase="C:\Workspace\PlantProcess-IQ\Backend\tests\PlantProcess.Architecture.Tests\bin\Release\net9.0\PlantProcess.Architecture.Tests.dll" adapterTypeName="executor://xunit/VsTestRunner2/netcoreapp" className="PlantProcess.Architecture.Tests.ArchitectureDependencyDirectionTests" name="Application_must_not_reference_infrastructure_or_api" />
    </UnitTest>
    <UnitTest name="PlantProcess.Architecture.Tests.ArchitectureDependencyDirectionTests.Infrastructure_must_not_reference_api" storage="c:\workspace\plantprocess-iq\backend\tests\plantprocess.architecture.tests\bin\release\net9.0\plantprocess.architecture.tests.dll" id="8cf6b73b-4174-ddb9-fbef-48e432ca72bb">
      <Execution id="a045390d-e1a6-447b-90ae-2019275f6ad4" />
      <TestMethod codeBase="C:\Workspace\PlantProcess-IQ\Backend\tests\PlantProcess.Architecture.Tests\bin\Release\net9.0\PlantProcess.Architecture.Tests.dll" adapterTypeName="executor://xunit/VsTestRunner2/netcoreapp" className="PlantProcess.Architecture.Tests.ArchitectureDependencyDirectionTests" name="Infrastructure_must_not_reference_api" />
    </UnitTest>
    <UnitTest name="PlantProcess.Architecture.Tests.ArchitectureDependencyDirectionTests.Domain_must_not_reference_application_infrastructure_or_api" storage="c:\workspace\plantprocess-iq\backend\tests\plantprocess.architecture.tests\bin\release\net9.0\plantprocess.architecture.tests.dll" id="f032d404-06f4-1783-9185-4f20612da947">
      <Execution id="e3c89374-4e78-47f1-b7fe-9d31590a94fe" />
      <TestMethod codeBase="C:\Workspace\PlantProcess-IQ\Backend\tests\PlantProcess.Architecture.Tests\bin\Release\net9.0\PlantProcess.Architecture.Tests.dll" adapterTypeName="executor://xunit/VsTestRunner2/netcoreapp" className="PlantProcess.Architecture.Tests.ArchitectureDependencyDirectionTests" name="Domain_must_not_reference_application_infrastructure_or_api" />
    </UnitTest>
    <UnitTest name="PlantProcess.Architecture.Tests.ArchitectureDependencyDirectionTests.Domain_must_remain_free_of_entity_framework_references" storage="c:\workspace\plantprocess-iq\backend\tests\plantprocess.architecture.tests\bin\release\net9.0\plantprocess.architecture.tests.dll" id="4502628b-f4f5-6175-27b8-4c8411fc37af">
      <Execution id="9ee3da9b-1348-45f2-9f2b-4199fd2ffdf9" />
      <TestMethod codeBase="C:\Workspace\PlantProcess-IQ\Backend\tests\PlantProcess.Architecture.Tests\bin\Release\net9.0\PlantProcess.Architecture.Tests.dll" adapterTypeName="executor://xunit/VsTestRunner2/netcoreapp" className="PlantProcess.Architecture.Tests.ArchitectureDependencyDirectionTests" name="Domain_must_remain_free_of_entity_framework_references" />
    </UnitTest>
  </TestDefinitions>
  <TestEntries>
    <TestEntry testId="ba029982-8615-4764-f472-68026664600d" executionId="f911bf0d-4a67-4231-8504-a4858da9a3c7" testListId="8c84fa94-04c1-424b-9868-57a2d4851a1d" />
    <TestEntry testId="f032d404-06f4-1783-9185-4f20612da947" executionId="e3c89374-4e78-47f1-b7fe-9d31590a94fe" testListId="8c84fa94-04c1-424b-9868-57a2d4851a1d" />
    <TestEntry testId="74e0380e-dca6-ba62-cfa0-efdc86936943" executionId="b962476b-8a08-44f9-bb34-5fe23d0e879a" testListId="8c84fa94-04c1-424b-9868-57a2d4851a1d" />
    <TestEntry testId="8d028da5-25d6-e0a4-1ecf-6e06672f5d87" executionId="cbfe6e0f-066c-4d64-85f5-18ae18da1b37" testListId="8c84fa94-04c1-424b-9868-57a2d4851a1d" />
    <TestEntry testId="8cf6b73b-4174-ddb9-fbef-48e432ca72bb" executionId="a045390d-e1a6-447b-90ae-2019275f6ad4" testListId="8c84fa94-04c1-424b-9868-57a2d4851a1d" />
    <TestEntry testId="4502628b-f4f5-6175-27b8-4c8411fc37af" executionId="9ee3da9b-1348-45f2-9f2b-4199fd2ffdf9" testListId="8c84fa94-04c1-424b-9868-57a2d4851a1d" />
  </TestEntries>
  <TestLists>
    <TestList name="Results Not in a List" id="8c84fa94-04c1-424b-9868-57a2d4851a1d" />
    <TestList name="All Loaded Results" id="19431567-8539-422a-85d7-44ee4e166bda" />
  </TestLists>
  <ResultSummary outcome="Completed">
    <Counters total="6" executed="6" passed="6" failed="0" error="0" timeout="0" aborted="0" inconclusive="0" passedButRunAborted="0" notRunnable="0" notExecuted="0" disconnected="0" warning="0" completed="0" inProgress="0" pending="0" />
    <Output>
      <StdOut>[xUnit.net 00:00:00.00] xUnit.net VSTest Adapter v2.8.2+699d445a1a (64-bit .NET 9.0.8)&#xD;
[xUnit.net 00:00:01.66]   Discovering: PlantProcess.Architecture.Tests&#xD;
[xUnit.net 00:00:01.82]   Discovered:  PlantProcess.Architecture.Tests&#xD;
[xUnit.net 00:00:01.83]   Starting:    PlantProcess.Architecture.Tests&#xD;
[xUnit.net 00:00:05.40]   Finished:    PlantProcess.Architecture.Tests&#xD;
</StdOut>
    </Output>
  </ResultSummary>
</TestRun>