**********************
Windows PowerShell transcript start
Start time: 20260610123018
Username: SMS-GROUP\elka01
RunAs User: SMS-GROUP\elka01
Configuration Name: 
Machine: WAP174432 (Microsoft Windows NT 10.0.26100.0)
Host Application: C:\Windows\System32\WindowsPowerShell\v1.0\powershell.exe
Process ID: 6220
PSVersion: 5.1.26100.7920
PSEdition: Desktop
PSCompatibleVersions: 1.0, 2.0, 3.0, 4.0, 5.0, 5.1.26100.7920
BuildVersion: 10.0.26100.7920
CLRVersion: 4.0.30319.42000
WSManStackVersion: 3.0
PSRemotingProtocolVersion: 2.3
SerializationVersion: 1.1.0.1
**********************
PS C:\Workspace\PlantProcess-IQ> try {
    if (-not (Test-Path $ComposeFile)) {
        throw "Compose file not found: $ComposeFile"
    }

    Write-P1 "Starting P1-T01 live-stack stabilization."

    Write-P1 "Running: docker version"
    & docker version
    if ($LASTEXITCODE -ne 0) { throw "docker version failed with exit code $LASTEXITCODE" }

    Write-P1 "Running: git status --short"
    & git status --short
    if ($LASTEXITCODE -ne 0) { throw "git status --short failed with exit code $LASTEXITCODE" }

    $Commit = ((& git rev-parse --short HEAD 2>$null) -join "").Trim()
    if ($LASTEXITCODE -ne 0 -or [string]::IsNullOrWhiteSpace($Commit)) { $Commit = "unknown" }

    $Branch = ((& git rev-parse --abbrev-ref HEAD 2>$null) -join "").Trim()
    if ($LASTEXITCODE -ne 0 -or [string]::IsNullOrWhiteSpace($Branch)) { $Branch = "unknown" }

    $BuildUtc = (Get-Date).ToUniversalTime().ToString("o")

    Write-P1 "Commit       : $Commit"
    Write-P1 "Branch       : $Branch"
    Write-P1 "Compose file : $ComposeFile"
    Write-P1 "App services : $($AppServices -join ', ')"
    Write-P1 "DB services  : $($DbServices -join ', ')"

    $buildInfo = @"
{
  "product": "PlantProcess IQ",
  "phase": "P1-T01 Live-stack stabilization",
  "commit": "$Commit",
  "branch": "$Branch",
  "builtAtUtc": "$BuildUtc",
  "composeProject": "$ComposeProject",
  "composeFile": "$ComposeFile"
}
"@

    Write-TextFile -Path (Join-Path $RepoRoot "deploy\build-info.json") -Content $buildInfo

    if (Test-Path (Join-Path $RepoRoot "Frontend\PlantProcess.Web\public")) {
        Write-TextFile -Path (Join-Path $RepoRoot "Frontend\PlantProcess.Web\public\build-info.json") -Content $buildInfo
    }

    if (Test-Path (Join-Path $RepoRoot "Website\PlantProcess.Website\public")) {
        Write-TextFile -Path (Join-Path $RepoRoot "Website\PlantProcess.Website\public\build-info.json") -Content $buildInfo
    }

    $programPath = Join-Path $RepoRoot "Backend\PlantProcess.Api\Program.cs"

    if (Test-Path $programPath) {
        $program = Get-Content -Raw -Path $programPath

        if ($program -notmatch "PPIQ_P1_T01_VERSION_ENDPOINT") {
            Backup-File $programPath

            $marker = "var app = builder.Build();"

            if ($program.Contains($marker)) {
                $insert = @'
var app = builder.Build();

// PPIQ_P1_T01_VERSION_ENDPOINT
app.MapGet("/version", () => Results.Ok(new
{
    product = "PlantProcess IQ",
    phase = "P1-T01 Live-stack stabilization",
    commit = Environment.GetEnvironmentVariable("PPIQ_BUILD_COMMIT") ?? "unknown",
    branch = Environment.GetEnvironmentVariable("PPIQ_BUILD_BRANCH") ?? "unknown",
    builtAtUtc = Environment.GetEnvironmentVariable("PPIQ_BUILD_UTC") ?? "unknown",
    source = "api-runtime"
}))
.AllowAnonymous()
.WithName("PpiqVersion");

app.MapGet("/api/version", () => Results.Ok(new
{
    product = "PlantProcess IQ",
    phase = "P1-T01 Live-stack stabilization",
    commit = Environment.GetEnvironmentVariable("PPIQ_BUILD_COMMIT") ?? "unknown",
    branch = Environment.GetEnvironmentVariable("PPIQ_BUILD_BRANCH") ?? "unknown",
    builtAtUtc = Environment.GetEnvironmentVariable("PPIQ_BUILD_UTC") ?? "unknown",
    source = "api-runtime"
}))
.AllowAnonymous()
.WithName("PpiqApiVersion");

'@

                $program = $program.Replace($marker, $insert)
                Write-TextFile -Path $programPath -Content $program
                Write-P1 "Injected /version endpoint into Program.cs."
            }
            else {
                Write-Yellow "Could not find Program.cs marker. /version endpoint was not injected."
            }
        }
        else {
            Write-P1 "/version endpoint marker already exists."
        }
    }

    $overlayFile = Join-Path $LiveDir "docker-compose.p1-t01.env.yml"
    $overlayLines = New-Object System.Collections.Generic.List[string]
    $overlayLines.Add("services:")

    foreach ($svc in $AppServices) {
        $overlayLines.Add("  ${svc}:")
        $overlayLines.Add("    environment:")
        $overlayLines.Add("      PPIQ_BUILD_COMMIT: `"$Commit`"")
        $overlayLines.Add("      PPIQ_BUILD_BRANCH: `"$Branch`"")
        $overlayLines.Add("      PPIQ_BUILD_UTC: `"$BuildUtc`"")
        $overlayLines.Add("      POSTGRES_PASSWORD: `"$env:POSTGRES_PASSWORD`"")
    }

    Write-TextFile -Path $overlayFile -Content (($overlayLines -join "`r`n") + "`r`n")

    $dbBefore = Get-DbSnapshot
    Write-TextFile -Path (Join-Path $EvidenceRoot "db-identity-before.txt") -Content $dbBefore

    $runningIdsBefore = @(Get-ServiceContainerIds -Services $AppServices)
    $removedOrphans = @(Remove-CrashLoopOrphanContainers -KeepContainerIds $runningIdsBefore)
    Write-TextFile -Path (Join-Path $EvidenceRoot "removed-orphans.txt") -Content (($removedOrphans -join "`n") + "`n")

    $knownGoodTag = "known-good-$((Get-Date).ToString('yyyyMMdd'))-$Commit"
    $rollbackItems = @()

    foreach ($id in $runningIdsBefore) {
        $image = (& docker inspect -f "{{.Config.Image}}" $id 2>$null).Trim()
        $name = (& docker inspect -f "{{.Name}}" $id 2>$null).Trim().TrimStart("/")

        if (-not [string]::IsNullOrWhiteSpace($image)) {
            $base = ($image -split ":", 2)[0]
            $tagged = "$base`:$knownGoodTag"

            docker image inspect $image *> $null
            if ($LASTEXITCODE -eq 0) {
                docker tag $image $tagged
                if ($LASTEXITCODE -ne 0) {
                    throw "Failed to tag image $image as $tagged"
                }

                $rollbackItems += [pscustomobject]@{
                    container = $name
                    currentImage = $image
                    knownGoodImage = $tagged
                }
            }
        }
    }

    $rollbackManifest = Join-Path $LiveDir "rollback-p1-t01-$Stamp.json"
    $rollbackItems | ConvertTo-Json -Depth 5 | Set-Content -Path $rollbackManifest -Encoding utf8

    Backup-And-Write -Path (Join-Path $LiveDir "rollback-p1-t01.ps1") -Content @'
param(
    [string]$RepoRoot = "C:\Workspace\PlantProcess-IQ",
    [string]$ComposeProject = "plantprocessiq",
    [string]$ComposeFile = "C:\Workspace\PlantProcess-IQ\deploy\compose\docker-compose.demo.yml",
    [string]$Manifest = ""
)

$ErrorActionPreference = "Stop"
Set-StrictMode -Off
try { $global:PSNativeCommandUseErrorActionPreference = $false } catch {}

if ([string]::IsNullOrWhiteSpace($env:POSTGRES_PASSWORD)) {
    $env:POSTGRES_PASSWORD = "local-dev-compose-placeholder"
}

Set-Location $RepoRoot

if ([string]::IsNullOrWhiteSpace($Manifest)) {
    $Manifest = Get-ChildItem -Path (Join-Path $RepoRoot "deploy\live") -Filter "rollback-p1-t01-*.json" |
        Sort-Object LastWriteTime -Descending |
        Select-Object -First 1 |
        ForEach-Object { $_.FullName }
}

if (-not (Test-Path $Manifest)) {
    throw "Rollback manifest not found."
}

$items = Get-Content -Raw -Path $Manifest | ConvertFrom-Json
$started = Get-Date

foreach ($item in $items) {
    docker image inspect $item.knownGoodImage *> $null
    if ($LASTEXITCODE -ne 0) {
        throw "Known-good image not found: $($item.knownGoodImage)"
    }

    docker tag $item.knownGoodImage $item.currentImage
    if ($LASTEXITCODE -ne 0) {
        throw "Failed restoring $($item.currentImage)"
    }
}

$services = @(
    "plantprocess-api",
    "plantprocess-app-web",
    "plantprocess-website",
    "plantprocess-workers"
)

docker compose -p $ComposeProject -f $ComposeFile up -d --no-deps @services

if ($LASTEXITCODE -ne 0) {
    throw "Rollback compose up failed."
}

$elapsed = [int]((Get-Date) - $started).TotalSeconds

if ($elapsed -gt 120) {
    throw "Rollback exceeded 120 seconds. Elapsed=${elapsed}s"
}

Write-Host "[GREEN] P1-T01 rollback completed in ${elapsed}s."
'@

    Write-P1 "Rebuilding/recreating app services only with --no-deps."

    $composeArgs = @(
        "-p", $ComposeProject,
        "-f", $ComposeFile,
        "-f", $overlayFile,
        "up", "-d", "--no-deps", "--build"
    ) + $AppServices

    & docker compose @composeArgs

    if ($LASTEXITCODE -ne 0) {
        throw "docker compose app-service redeploy failed."
    }

    Start-Sleep -Seconds 8

    $runningIdsAfter = @(Get-ServiceContainerIds -Services $AppServices)

    if ($runningIdsAfter.Count -eq 0) {
        throw "No app service containers are running after redeploy."
    }

    foreach ($id in $runningIdsAfter) {
        $name = (& docker inspect -f "{{.Name}}" $id 2>$null).Trim().TrimStart("/")
        $state = (& docker inspect -f "{{.State.Status}}" $id 2>$null).Trim()
        $restartCount = (& docker inspect -f "{{.RestartCount}}" $id 2>$null).Trim()

        if ($state -ne "running") {
            throw "Container $name is not running. State=$state"
        }

        if ([int]$restartCount -ne 0) {
            throw "Container $name has RestartCount=$restartCount. Expected 0."
        }
    }

    $dbAfter = Get-DbSnapshot
    Write-TextFile -Path (Join-Path $EvidenceRoot "db-identity-after.txt") -Content $dbAfter

    if ($dbBefore -ne $dbAfter) {
        throw "DB identity changed during P1-T01 app-only deploy. Check db-identity-before/after evidence."
    }

    Write-P1 "Validating API /version."

    $version = Invoke-HttpOk -Url "$ApiBaseUrl/version" -Name "API /version"
    Write-TextFile -Path (Join-Path $EvidenceRoot "api-version.json") -Content $version

    if ($version -notmatch [regex]::Escape($Commit)) {
        throw "API /version does not show latest commit $Commit. Response: $version"
    }

    $checks = @(
        @{ Url = $AppBaseUrl; Name = "frontend app"; File = "frontend-home.html" },
        @{ Url = $WebsiteBaseUrl; Name = "website"; File = "website-home.html" }
    )

    foreach ($check in $checks) {
        if (-not [string]::IsNullOrWhiteSpace($check.Url)) {
            try {
                $content = Invoke-HttpOk -Url $check.Url -Name $check.Name
                Write-TextFile -Path (Join-Path $EvidenceRoot $check.File) -Content $content
            }
            catch {
                Write-Yellow "$($check.Name) URL check skipped/failed: $($_.Exception.Message)"
            }
        }
    }

    Write-P1 "Running stability check for $StabilityMinutes minute(s)."

    for ($i = 1; $i -le $StabilityMinutes; $i++) {
        Invoke-HttpOk -Url "$ApiBaseUrl/version" -Name "API stability $i/$StabilityMinutes" | Out-Null

        foreach ($id in $runningIdsAfter) {
            $name = (& docker inspect -f "{{.Name}}" $id 2>$null).Trim().TrimStart("/")
            $state = (& docker inspect -f "{{.State.Status}}" $id 2>$null).Trim()
            $restartCount = (& docker inspect -f "{{.RestartCount}}" $id 2>$null).Trim()

            if ($state -ne "running") {
                throw "During stability check, container $name is not running. State=$state"
            }

            if ([int]$restartCount -ne 0) {
                throw "During stability check, container $name has RestartCount=$restartCount. Expected 0."
            }
        }

        if ($i -lt $StabilityMinutes) {
            Start-Sleep -Seconds 60
        }
    }

    $finalContainers = @(& docker ps -a --format "{{.Names}}|{{.Status}}" 2>$null |
        Where-Object { $_ -match "^(plantprocess|ppiq)" } |
        Sort-Object)

    Write-TextFile -Path (Join-Path $EvidenceRoot "final-containers.txt") -Content (($finalContainers -join "`n") + "`n")

    $summary = @"
# P1-T01 Live-stack stabilization complete

Generated: $(Get-Date -Format o)

Commit: $Commit
Branch: $Branch
Compose project: $ComposeProject
Compose file: $ComposeFile
App services: $($AppServices -join ', ')
DB services: $($DbServices -join ', ')

Validation:
- App services rebuilt/recreated with --no-deps.
- DB identity unchanged before/after app-only deploy.
- Crash-loop/exited plantprocess/ppiq orphan app containers removed when found.
- API /version serves latest commit.
- RestartCount stayed 0 for $StabilityMinutes minute(s).
- Rollback script created: deploy\live\rollback-p1-t01.ps1
- Rollback manifest created: $rollbackManifest

Evidence folder:
$EvidenceRoot
"@

    Write-TextFile -Path (Join-Path $EvidenceRoot "P1-T01_SUMMARY.md") -Content $summary

    Write-Green "P1-T01 is DONE by description and validation."
    Write-Host "Evidence: $EvidenceRoot"
    Write-Host "Rollback: .\deploy\live\rollback-p1-t01.ps1"
}
finally {
    Stop-Transcript | Out-Null
}
[P1-T01] Starting P1-T01 live-stack stabilization.
[P1-T01] Running: docker version
Client:
 Version:           29.4.3
 API version:       1.54
 Go version:        go1.26.2
 Git commit:        055a478
 Built:             Wed May  6 17:10:36 2026
 OS/Arch:           windows/amd64
 Context:           desktop-linux

Server: Docker Desktop 4.73.0 (226246)
 Engine:
  Version:          29.4.3
  API version:      1.54 (minimum version 1.40)
  Go version:       go1.26.2
  Git commit:       56be731
  Built:            Wed May  6 17:07:37 2026
  OS/Arch:          linux/amd64
  Experimental:     false
 containerd:
  Version:          v2.2.3
  GitCommit:        77c84241c7cbdd9b4eca2591793e3d4f4317c590
 runc:
  Version:          1.3.5
  GitCommit:        v1.3.5-0-g488fc13e
 docker-init:
  Version:          0.19.0
  GitCommit:        de40ad0
[P1-T01] Running: git status --short
 M Backend/PlantProcess.Api/Program.cs
?? .phase1_backups/
?? Documentation/P1-T01_LiveStack_20260610_115718/
?? Documentation/P1-T01_LiveStack_20260610_115900/
?? Documentation/P1-T01_LiveStack_20260610_115918/
?? Documentation/P1-T01_LiveStack_20260610_115950/
?? Documentation/P1-T01_LiveStack_20260610_120157/
?? Documentation/P1-T01_LiveStack_20260610_120333/
?? Documentation/P1-T01_LiveStack_20260610_120544/
?? Documentation/P1-T01_LiveStack_20260610_120732/
?? Documentation/P1-T01_LiveStack_20260610_123016/
?? Documentation/docs/PPIQ_2Week_Launch_Backlog_v2_10Jun2026.xlsx
?? Documentation/docs/~$PPIQ_2Week_Launch_Backlog_v2_10Jun2026.xlsx
?? Frontend/PlantProcess.Web/public/build-info.json
?? Website/PlantProcess.Website/public/build-info.json
?? deploy/build-info.json
?? deploy/live/
[P1-T01] Commit       : b9bf698
[P1-T01] Branch       : main
[P1-T01] Compose file : C:\Workspace\PlantProcess-IQ\deploy\compose\docker-compose.demo.yml
[P1-T01] App services : plantprocess-api, plantprocess-app-web, plantprocess-website, plantprocess-workers
[P1-T01] DB services  : ppiq-postgres
[P1-T01] /version endpoint marker already exists.
[P1-T01] Rebuilding/recreating app services only with --no-deps.
#1 [internal] load local bake definitions
#1 reading from stdin 2.35kB done
#1 DONE 0.0s

#2 [plantprocess-website internal] load build definition from Dockerfile
#2 transferring dockerfile: 722B 0.0s done
#2 DONE 0.1s

#3 [plantprocess-workers internal] load build definition from Dockerfile
#3 transferring dockerfile: 1.22kB 0.0s done
#3 DONE 0.1s

#4 [plantprocess-app-web internal] load build definition from Dockerfile
#4 transferring dockerfile: 582B 0.0s done
#4 DONE 0.1s

#5 [plantprocess-api internal] load build definition from Dockerfile
#5 transferring dockerfile: 1.44kB 0.0s done
#5 DONE 0.1s

#6 [plantprocess-app-web internal] load metadata for docker.io/library/node:24-alpine
#6 ...

#7 [plantprocess-workers internal] load metadata for mcr.microsoft.com/dotnet/sdk:9.0
#7 DONE 2.7s

#8 [plantprocess-workers internal] load metadata for mcr.microsoft.com/dotnet/runtime:9.0
#8 DONE 2.7s

#9 [plantprocess-api internal] load metadata for mcr.microsoft.com/dotnet/aspnet:9.0
#9 DONE 2.7s

#10 [plantprocess-api internal] load .dockerignore
#10 transferring context: 411B 0.0s done
#10 DONE 0.0s

#11 [plantprocess-api internal] load build context
#11 DONE 0.0s

#12 [plantprocess-workers runtime 1/3] FROM mcr.microsoft.com/dotnet/runtime:9.0@sha256:fa8c81841d934e6a170c2b6dc5075fd78368074bbc2646cfb181a03d5bce2785
#12 resolve mcr.microsoft.com/dotnet/runtime:9.0@sha256:fa8c81841d934e6a170c2b6dc5075fd78368074bbc2646cfb181a03d5bce2785 0.0s done
#12 DONE 0.1s

#13 [plantprocess-workers build  1/12] FROM mcr.microsoft.com/dotnet/sdk:9.0@sha256:ff12d25929cad887fb9c83e0be843f3cb56ef961fb90623686cd018a988c3675
#13 resolve mcr.microsoft.com/dotnet/sdk:9.0@sha256:ff12d25929cad887fb9c83e0be843f3cb56ef961fb90623686cd018a988c3675 0.0s done
#13 ...

#14 [plantprocess-api runtime 1/3] FROM mcr.microsoft.com/dotnet/aspnet:9.0@sha256:02cf9495cca48f5c39d2984c8f4a4b346edbe9fc4697b1101a02ffdc4e37a07e
#14 resolve mcr.microsoft.com/dotnet/aspnet:9.0@sha256:02cf9495cca48f5c39d2984c8f4a4b346edbe9fc4697b1101a02ffdc4e37a07e 0.0s done
#14 DONE 0.4s

#13 [plantprocess-api build  1/12] FROM mcr.microsoft.com/dotnet/sdk:9.0@sha256:ff12d25929cad887fb9c83e0be843f3cb56ef961fb90623686cd018a988c3675
#13 ...

#11 [plantprocess-api internal] load build context
#11 transferring context: 5.94MB 0.8s done
#11 DONE 0.8s

#12 [plantprocess-workers runtime 1/3] FROM mcr.microsoft.com/dotnet/runtime:9.0@sha256:fa8c81841d934e6a170c2b6dc5075fd78368074bbc2646cfb181a03d5bce2785
#12 sha256:0cacd0112a0b03ef184f1e195928e1418c28adf2f169272f844dea88a590d111 0B / 34.56MB 0.8s
#12 sha256:dde72958f118019dd638292bb32bb900a1dc55a75649214c221f18c608f4912b 0B / 168B 0.6s
#12 sha256:c54f34b23846a57f507406fc52ff8f205ac664ba9b9731aaccc0241292493389 0B / 3.33kB 0.6s
#12 sha256:de9bd4227a4c54d794460c8ad476aead7cd50d77c854c7ceee97187db205d275 0B / 18.74MB 0.6s
#12 sha256:dde72958f118019dd638292bb32bb900a1dc55a75649214c221f18c608f4912b 168B / 168B 0.9s done
#12 ...

#15 [plantprocess-website internal] load metadata for docker.io/library/nginx:1.27-alpine
#15 DONE 4.2s

#6 [plantprocess-app-web internal] load metadata for docker.io/library/node:24-alpine
#6 DONE 4.2s

#12 [plantprocess-workers runtime 1/3] FROM mcr.microsoft.com/dotnet/runtime:9.0@sha256:fa8c81841d934e6a170c2b6dc5075fd78368074bbc2646cfb181a03d5bce2785
#12 ...

#16 [plantprocess-app-web internal] load .dockerignore
#16 transferring context: 396B 0.0s done
#16 DONE 0.0s

#17 [plantprocess-website build 1/6] FROM docker.io/library/node:24-alpine@sha256:2bdb65ed1dab192432bc31c95f94155ca5ad7fc1392fb7eb7526ab682fa5bf14
#17 resolve docker.io/library/node:24-alpine@sha256:2bdb65ed1dab192432bc31c95f94155ca5ad7fc1392fb7eb7526ab682fa5bf14 0.0s done
#17 DONE 0.0s

#18 [plantprocess-website runtime 1/3] FROM docker.io/library/nginx:1.27-alpine@sha256:65645c7bb6a0661892a8b03b89d0743208a18dd2f3f17a54ef4b76fb8e2f2a10
#18 resolve docker.io/library/nginx:1.27-alpine@sha256:65645c7bb6a0661892a8b03b89d0743208a18dd2f3f17a54ef4b76fb8e2f2a10 0.0s done
#18 DONE 0.0s

#19 [plantprocess-website internal] load .dockerignore
#19 transferring context: 363B 0.1s done
#19 DONE 0.1s

#12 [plantprocess-workers runtime 1/3] FROM mcr.microsoft.com/dotnet/runtime:9.0@sha256:fa8c81841d934e6a170c2b6dc5075fd78368074bbc2646cfb181a03d5bce2785
#12 ...

#20 [plantprocess-website internal] load build context
#20 transferring context: 73.14kB 0.0s done
#20 DONE 0.1s

#21 [plantprocess-app-web build 2/6] WORKDIR /app
#21 CACHED

#18 [plantprocess-website runtime 1/3] FROM docker.io/library/nginx:1.27-alpine@sha256:65645c7bb6a0661892a8b03b89d0743208a18dd2f3f17a54ef4b76fb8e2f2a10
#18 CACHED

#12 [plantprocess-workers runtime 1/3] FROM mcr.microsoft.com/dotnet/runtime:9.0@sha256:fa8c81841d934e6a170c2b6dc5075fd78368074bbc2646cfb181a03d5bce2785
#12 sha256:c54f34b23846a57f507406fc52ff8f205ac664ba9b9731aaccc0241292493389 3.33kB / 3.33kB 1.3s done
#12 ...

#22 [plantprocess-website build 3/6] COPY package*.json ./
#22 DONE 0.1s

#23 [plantprocess-website runtime 2/5] COPY index.html /usr/share/nginx/html/index.html
#23 DONE 0.1s

#12 [plantprocess-workers runtime 1/3] FROM mcr.microsoft.com/dotnet/runtime:9.0@sha256:fa8c81841d934e6a170c2b6dc5075fd78368074bbc2646cfb181a03d5bce2785
#12 ...

#24 [plantprocess-website runtime 3/5] COPY nginx.conf /etc/nginx/conf.d/default.conf
#24 DONE 0.1s

#12 [plantprocess-workers runtime 1/3] FROM mcr.microsoft.com/dotnet/runtime:9.0@sha256:fa8c81841d934e6a170c2b6dc5075fd78368074bbc2646cfb181a03d5bce2785
#12 ...

#25 [plantprocess-app-web internal] load build context
#25 transferring context: 1.73MB 0.9s done
#25 DONE 0.9s

#26 [plantprocess-app-web build 3/6] COPY package*.json ./
#26 DONE 0.0s

#12 [plantprocess-workers runtime 1/3] FROM mcr.microsoft.com/dotnet/runtime:9.0@sha256:fa8c81841d934e6a170c2b6dc5075fd78368074bbc2646cfb181a03d5bce2785
#12 sha256:0cacd0112a0b03ef184f1e195928e1418c28adf2f169272f844dea88a590d111 2.10MB / 34.56MB 4.4s
#12 sha256:de9bd4227a4c54d794460c8ad476aead7cd50d77c854c7ceee97187db205d275 0B / 18.74MB 5.7s
#12 sha256:0cacd0112a0b03ef184f1e195928e1418c28adf2f169272f844dea88a590d111 4.19MB / 34.56MB 9.2s
#12 ...

#14 [plantprocess-api runtime 1/3] FROM mcr.microsoft.com/dotnet/aspnet:9.0@sha256:02cf9495cca48f5c39d2984c8f4a4b346edbe9fc4697b1101a02ffdc4e37a07e
#14 sha256:9184cd1b4ed261350dfdf57d6ffed36910862ed4f26411372b029b45715969c1 2.10MB / 11.32MB 9.2s
#14 ...

#12 [plantprocess-workers runtime 1/3] FROM mcr.microsoft.com/dotnet/runtime:9.0@sha256:fa8c81841d934e6a170c2b6dc5075fd78368074bbc2646cfb181a03d5bce2785
#12 sha256:de9bd4227a4c54d794460c8ad476aead7cd50d77c854c7ceee97187db205d275 0B / 18.74MB 10.8s
#12 ...

#27 [plantprocess-website build 4/6] RUN npm ci
#27 ...

#13 [plantprocess-api build  1/12] FROM mcr.microsoft.com/dotnet/sdk:9.0@sha256:ff12d25929cad887fb9c83e0be843f3cb56ef961fb90623686cd018a988c3675
#13 sha256:1d8268e34e916406c43c996007a761d9a14d35e8e9ecd6aa2da10d2ac7ff4a77 8.39MB / 17.51MB 10.4s
#13 ...

#12 [plantprocess-workers runtime 1/3] FROM mcr.microsoft.com/dotnet/runtime:9.0@sha256:fa8c81841d934e6a170c2b6dc5075fd78368074bbc2646cfb181a03d5bce2785
#12 ...

#28 [plantprocess-app-web build 4/6] RUN npm ci
#28 ...

#12 [plantprocess-workers runtime 1/3] FROM mcr.microsoft.com/dotnet/runtime:9.0@sha256:fa8c81841d934e6a170c2b6dc5075fd78368074bbc2646cfb181a03d5bce2785
#12 sha256:0cacd0112a0b03ef184f1e195928e1418c28adf2f169272f844dea88a590d111 4.19MB / 34.56MB 14.2s
#12 sha256:de9bd4227a4c54d794460c8ad476aead7cd50d77c854c7ceee97187db205d275 1.05MB / 18.74MB 15.8s
#12 sha256:0cacd0112a0b03ef184f1e195928e1418c28adf2f169272f844dea88a590d111 5.24MB / 34.56MB 19.4s
#12 ...

#14 [plantprocess-api runtime 1/3] FROM mcr.microsoft.com/dotnet/aspnet:9.0@sha256:02cf9495cca48f5c39d2984c8f4a4b346edbe9fc4697b1101a02ffdc4e37a07e
#14 sha256:9184cd1b4ed261350dfdf57d6ffed36910862ed4f26411372b029b45715969c1 3.15MB / 11.32MB 19.5s
#14 ...

#12 [plantprocess-workers runtime 1/3] FROM mcr.microsoft.com/dotnet/runtime:9.0@sha256:fa8c81841d934e6a170c2b6dc5075fd78368074bbc2646cfb181a03d5bce2785
#12 sha256:de9bd4227a4c54d794460c8ad476aead7cd50d77c854c7ceee97187db205d275 1.05MB / 18.74MB 20.8s
#12 sha256:de9bd4227a4c54d794460c8ad476aead7cd50d77c854c7ceee97187db205d275 2.10MB / 18.74MB 21.3s
#12 ...

#13 [plantprocess-api build  1/12] FROM mcr.microsoft.com/dotnet/sdk:9.0@sha256:ff12d25929cad887fb9c83e0be843f3cb56ef961fb90623686cd018a988c3675
#13 sha256:1d8268e34e916406c43c996007a761d9a14d35e8e9ecd6aa2da10d2ac7ff4a77 14.68MB / 17.51MB 20.5s
#13 ...

#12 [plantprocess-workers runtime 1/3] FROM mcr.microsoft.com/dotnet/runtime:9.0@sha256:fa8c81841d934e6a170c2b6dc5075fd78368074bbc2646cfb181a03d5bce2785
#12 sha256:0cacd0112a0b03ef184f1e195928e1418c28adf2f169272f844dea88a590d111 6.29MB / 34.56MB 24.5s
#12 sha256:de9bd4227a4c54d794460c8ad476aead7cd50d77c854c7ceee97187db205d275 3.15MB / 18.74MB 24.6s
#12 ...

#27 [plantprocess-website build 4/6] RUN npm ci
#27 27.35
#27 27.35 added 32 packages, and audited 33 packages in 26s
#27 27.35
#27 27.35 10 packages are looking for funding
#27 27.36   run `npm fund` for details
#27 27.36
#27 27.36 found 0 vulnerabilities
#27 27.36 npm notice
#27 27.36 npm notice New minor version of npm available! 11.13.0 -> 11.16.0
#27 27.36 npm notice Changelog: https://github.com/npm/cli/releases/tag/v11.16.0
#27 27.36 npm notice To update run: npm install -g npm@11.16.0
#27 27.36 npm notice
#27 DONE 28.1s

#12 [plantprocess-workers runtime 1/3] FROM mcr.microsoft.com/dotnet/runtime:9.0@sha256:fa8c81841d934e6a170c2b6dc5075fd78368074bbc2646cfb181a03d5bce2785
#12 sha256:0cacd0112a0b03ef184f1e195928e1418c28adf2f169272f844dea88a590d111 6.29MB / 34.56MB 29.5s
#12 ...

#29 [plantprocess-website build 5/6] COPY . .
#29 DONE 0.1s

#12 [plantprocess-workers runtime 1/3] FROM mcr.microsoft.com/dotnet/runtime:9.0@sha256:fa8c81841d934e6a170c2b6dc5075fd78368074bbc2646cfb181a03d5bce2785
#12 sha256:de9bd4227a4c54d794460c8ad476aead7cd50d77c854c7ceee97187db205d275 3.15MB / 18.74MB 29.7s
#12 ...

#14 [plantprocess-api runtime 1/3] FROM mcr.microsoft.com/dotnet/aspnet:9.0@sha256:02cf9495cca48f5c39d2984c8f4a4b346edbe9fc4697b1101a02ffdc4e37a07e
#14 sha256:9184cd1b4ed261350dfdf57d6ffed36910862ed4f26411372b029b45715969c1 4.19MB / 11.32MB 29.8s
#14 ...

#12 [plantprocess-workers runtime 1/3] FROM mcr.microsoft.com/dotnet/runtime:9.0@sha256:fa8c81841d934e6a170c2b6dc5075fd78368074bbc2646cfb181a03d5bce2785
#12 sha256:de9bd4227a4c54d794460c8ad476aead7cd50d77c854c7ceee97187db205d275 4.19MB / 18.74MB 31.4s
#12 ...

#13 [plantprocess-api build  1/12] FROM mcr.microsoft.com/dotnet/sdk:9.0@sha256:ff12d25929cad887fb9c83e0be843f3cb56ef961fb90623686cd018a988c3675
#13 sha256:1d8268e34e916406c43c996007a761d9a14d35e8e9ecd6aa2da10d2ac7ff4a77 16.78MB / 17.51MB 30.7s
#13 ...

#12 [plantprocess-workers runtime 1/3] FROM mcr.microsoft.com/dotnet/runtime:9.0@sha256:fa8c81841d934e6a170c2b6dc5075fd78368074bbc2646cfb181a03d5bce2785
#12 sha256:0cacd0112a0b03ef184f1e195928e1418c28adf2f169272f844dea88a590d111 7.34MB / 34.56MB 34.7s
#12 ...

#30 [plantprocess-website build 6/6] RUN npm run build
#30 0.496
#30 0.496 > sou-plantprocess-website@0.1.0 build
#30 0.496 > tsc -b && vite build
#30 0.496
#30 4.409 vite v8.0.13 building client environment for production...
transforming...✓ 1756 modules transformed.
#30 4.811 rendering chunks...
#30 5.025 computing gzip size...
#30 5.034 dist/index.html                   0.80 kB │ gzip:  0.47 kB
#30 5.034 dist/assets/index-PsPf4Rf-.css   22.59 kB │ gzip:  5.34 kB
#30 5.034 dist/assets/index-BMVhQ5Wn.js   274.29 kB │ gzip: 86.64 kB
#30 5.034
#30 5.036 ✓ built in 624ms
#30 DONE 5.2s

#12 [plantprocess-workers runtime 1/3] FROM mcr.microsoft.com/dotnet/runtime:9.0@sha256:fa8c81841d934e6a170c2b6dc5075fd78368074bbc2646cfb181a03d5bce2785
#12 ...

#31 [plantprocess-website runtime 4/5] COPY --from=build /app/dist /usr/share/nginx/html
#31 DONE 0.1s

#12 [plantprocess-workers runtime 1/3] FROM mcr.microsoft.com/dotnet/runtime:9.0@sha256:fa8c81841d934e6a170c2b6dc5075fd78368074bbc2646cfb181a03d5bce2785
#12 sha256:de9bd4227a4c54d794460c8ad476aead7cd50d77c854c7ceee97187db205d275 5.24MB / 18.74MB 35.1s
#12 ...

#28 [plantprocess-app-web build 4/6] RUN npm ci
#28 33.19
#28 33.19 added 464 packages, and audited 465 packages in 32s
#28 33.19
#28 33.19 112 packages are looking for funding
#28 33.19   run `npm fund` for details
#28 33.20
#28 33.20 found 0 vulnerabilities
#28 33.20 npm notice
#28 33.20 npm notice New minor version of npm available! 11.13.0 -> 11.16.0
#28 33.20 npm notice Changelog: https://github.com/npm/cli/releases/tag/v11.16.0
#28 33.20 npm notice To update run: npm install -g npm@11.16.0
#28 33.20 npm notice
#28 DONE 33.4s

#12 [plantprocess-workers runtime 1/3] FROM mcr.microsoft.com/dotnet/runtime:9.0@sha256:fa8c81841d934e6a170c2b6dc5075fd78368074bbc2646cfb181a03d5bce2785
#12 ...

#32 [plantprocess-website runtime 5/5] RUN printf 'server { listen 80; server_name _; root /usr/share/nginx/html; index index.html; location / { try_files $uri $uri/ /index.html; } location
/health { access_log off; return 200 "plantprocess-website-ok\\n"; add_header Content-Type text/plain; } }' > /etc/nginx/conf.d/default.conf
#32 DONE 0.5s

#12 [plantprocess-workers runtime 1/3] FROM mcr.microsoft.com/dotnet/runtime:9.0@sha256:fa8c81841d934e6a170c2b6dc5075fd78368074bbc2646cfb181a03d5bce2785
#12 ...

#33 [plantprocess-app-web build 5/6] COPY . .
#33 DONE 0.8s

#12 [plantprocess-workers runtime 1/3] FROM mcr.microsoft.com/dotnet/runtime:9.0@sha256:fa8c81841d934e6a170c2b6dc5075fd78368074bbc2646cfb181a03d5bce2785
#12 ...

#34 [plantprocess-website] exporting to image
#34 exporting layers 0.3s done
#34 exporting manifest sha256:9aa302d328bb160825c8af857b57b4d2ab228dbf2f0d58125eee41780d8d9231 0.0s done
#34 exporting config sha256:e5772b260cdf95c73566ca4d5e2350f7aeeae0149a2637500d0118473fb3454a 0.0s done
#34 exporting attestation manifest sha256:44fddd24a9cd51a1882b99e351fc0797f13f5d99bb8c6ff4cc476187cea63e44 0.0s done
#34 exporting manifest list sha256:8831d780ba035e6ca0b8720167c81cf25e2d5d3a1bd8b2f80092b27928219a13 0.0s done
#34 naming to docker.io/library/plantprocess-website:latest done
#34 unpacking to docker.io/library/plantprocess-website:latest 0.2s done
#34 DONE 0.6s

#12 [plantprocess-workers runtime 1/3] FROM mcr.microsoft.com/dotnet/runtime:9.0@sha256:fa8c81841d934e6a170c2b6dc5075fd78368074bbc2646cfb181a03d5bce2785
#12 ...

#35 [plantprocess-website] resolving provenance for metadata file
#35 DONE 0.0s

#12 [plantprocess-workers runtime 1/3] FROM mcr.microsoft.com/dotnet/runtime:9.0@sha256:fa8c81841d934e6a170c2b6dc5075fd78368074bbc2646cfb181a03d5bce2785
#12 sha256:de9bd4227a4c54d794460c8ad476aead7cd50d77c854c7ceee97187db205d275 6.29MB / 18.74MB 37.2s
#12 sha256:0cacd0112a0b03ef184f1e195928e1418c28adf2f169272f844dea88a590d111 9.44MB / 34.56MB 37.9s
#12 sha256:de9bd4227a4c54d794460c8ad476aead7cd50d77c854c7ceee97187db205d275 7.34MB / 18.74MB 39.3s
#12 sha256:de9bd4227a4c54d794460c8ad476aead7cd50d77c854c7ceee97187db205d275 8.39MB / 18.74MB 40.9s
#12 ...

#14 [plantprocess-api runtime 1/3] FROM mcr.microsoft.com/dotnet/aspnet:9.0@sha256:02cf9495cca48f5c39d2984c8f4a4b346edbe9fc4697b1101a02ffdc4e37a07e
#14 sha256:9184cd1b4ed261350dfdf57d6ffed36910862ed4f26411372b029b45715969c1 8.39MB / 11.32MB 40.0s
#14 ...

#12 [plantprocess-workers runtime 1/3] FROM mcr.microsoft.com/dotnet/runtime:9.0@sha256:fa8c81841d934e6a170c2b6dc5075fd78368074bbc2646cfb181a03d5bce2785
#12 ...

#13 [plantprocess-api build  1/12] FROM mcr.microsoft.com/dotnet/sdk:9.0@sha256:ff12d25929cad887fb9c83e0be843f3cb56ef961fb90623686cd018a988c3675
#13 sha256:1d8268e34e916406c43c996007a761d9a14d35e8e9ecd6aa2da10d2ac7ff4a77 17.51MB / 17.51MB 31.0s done
#13 sha256:08ffa201387406df2d73c5c31d3299abea8564a07310aa4b15822739ca1b2435 2.70kB / 2.70kB 0.5s done
#13 sha256:0dca027e67c42f91efaf758d1bcd357eb3dc1f1f662ceebabb75847cf37feab3 3.15MB / 176.20MB 9.5s
#13 ...

#12 [plantprocess-workers runtime 1/3] FROM mcr.microsoft.com/dotnet/runtime:9.0@sha256:fa8c81841d934e6a170c2b6dc5075fd78368074bbc2646cfb181a03d5bce2785
#12 sha256:de9bd4227a4c54d794460c8ad476aead7cd50d77c854c7ceee97187db205d275 9.44MB / 18.74MB 42.7s
#12 sha256:0cacd0112a0b03ef184f1e195928e1418c28adf2f169272f844dea88a590d111 10.49MB / 34.56MB 43.0s
#12 sha256:de9bd4227a4c54d794460c8ad476aead7cd50d77c854c7ceee97187db205d275 10.49MB / 18.74MB 44.7s
#12 sha256:0cacd0112a0b03ef184f1e195928e1418c28adf2f169272f844dea88a590d111 12.58MB / 34.56MB 46.5s
#12 ...

#36 [plantprocess-app-web build 6/6] RUN npm run build
#36 0.673
#36 0.673 > plantprocess-web@0.0.0 build
#36 0.673 > tsc -b && vite build
#36 0.673
#36 ...

#12 [plantprocess-workers runtime 1/3] FROM mcr.microsoft.com/dotnet/runtime:9.0@sha256:fa8c81841d934e6a170c2b6dc5075fd78368074bbc2646cfb181a03d5bce2785
#12 sha256:de9bd4227a4c54d794460c8ad476aead7cd50d77c854c7ceee97187db205d275 11.53MB / 18.74MB 48.3s
#12 ...

#14 [plantprocess-api runtime 1/3] FROM mcr.microsoft.com/dotnet/aspnet:9.0@sha256:02cf9495cca48f5c39d2984c8f4a4b346edbe9fc4697b1101a02ffdc4e37a07e
#14 sha256:9184cd1b4ed261350dfdf57d6ffed36910862ed4f26411372b029b45715969c1 11.32MB / 11.32MB 49.4s done
#14 DONE 50.7s

#12 [plantprocess-workers runtime 1/3] FROM mcr.microsoft.com/dotnet/runtime:9.0@sha256:fa8c81841d934e6a170c2b6dc5075fd78368074bbc2646cfb181a03d5bce2785
#12 sha256:de9bd4227a4c54d794460c8ad476aead7cd50d77c854c7ceee97187db205d275 12.58MB / 18.74MB 51.1s
#12 ...

#36 [plantprocess-app-web build 6/6] RUN npm run build
#36 14.41 vite v8.0.12 building client environment for production...
transforming...✓ 2439 modules transformed.
#36 14.85 rendering chunks...
#36 15.05 computing gzip size...
#36 15.06 dist/index.html                                          1.44 kB │ gzip:   0.61 kB
#36 15.06 dist/assets/phase9-personas-6d4H5ZXs.css                 0.69 kB │ gzip:   0.38 kB
#36 15.06 dist/assets/Phase7ValueScenarioPage-DGYLOJV5.css         1.09 kB │ gzip:   0.48 kB
#36 15.06 dist/assets/Phase10LicenseDemoPage-EwDvkBiP.css          1.32 kB │ gzip:   0.61 kB
#36 15.06 dist/assets/DemoAnalyticsPages-D-9066Gx.css              1.41 kB │ gzip:   0.55 kB
#36 15.06 dist/assets/phase8-ai-CXHaSXC_.css                       1.55 kB │ gzip:   0.67 kB
#36 15.06 dist/assets/PageBuilderPage-Bf8tJvAO.css                 1.56 kB │ gzip:   0.50 kB
#36 15.06 dist/assets/DynamicPage-DCqfTtje.css                     1.85 kB │ gzip:   0.65 kB
#36 15.06 dist/assets/CommercialLicensePage-0AazWlNz.css           3.20 kB │ gzip:   0.90 kB
#36 15.06 dist/assets/MaterialAnalyticsPages-CN3ASNCl.css          3.47 kB │ gzip:   1.05 kB
#36 15.06 dist/assets/LicenseGate-BbphsC7v.css                     3.64 kB │ gzip:   0.99 kB
#36 15.06 dist/assets/StandardSurface-CYsgRs_8.css                12.56 kB │ gzip:   3.00 kB
#36 15.06 dist/assets/index-C_iwBQ86.css                         103.39 kB │ gzip:  20.26 kB
#36 15.06 dist/assets/http-CiupNfFA.js                             0.03 kB │ gzip:   0.05 kB
#36 15.06 dist/assets/DemoLifecyclePage-DppFVC6B.js                0.17 kB │ gzip:   0.16 kB
#36 15.06 dist/assets/CorrelationPage-DNOyun_v.js                  0.17 kB │ gzip:   0.16 kB
#36 15.06 dist/assets/DataQualityPage-BgCLPA64.js                  0.17 kB │ gzip:   0.16 kB
#36 15.06 dist/assets/MlReadinessPage-BYGxGjE6.js                  0.17 kB │ gzip:   0.16 kB
#36 15.06 dist/assets/BrandIdentityPage-DOYhuH_B.js                0.17 kB │ gzip:   0.16 kB
#36 15.06 dist/assets/RiskDashboardPage-cX9yTF_T.js                0.17 kB │ gzip:   0.16 kB
#36 15.06 dist/assets/AdminPreviewWorkspacePage-CVHeDLdR.js        0.18 kB │ gzip:   0.16 kB
#36 15.06 dist/assets/AdminPage-Byl4_WNv.js                        0.20 kB │ gzip:   0.16 kB
#36 15.06 dist/assets/DashboardPage-DHmcIX3b.js                    0.21 kB │ gzip:   0.17 kB
#36 15.06 dist/assets/pageBuilder-DlOp0AE9.js                      0.22 kB │ gzip:   0.17 kB
#36 15.06 dist/assets/license-C2xzfT0o.js                          0.36 kB │ gzip:   0.20 kB
#36 15.06 dist/assets/jsx-runtime-BE_tW6Ee.js                      1.06 kB │ gzip:   0.60 kB
#36 15.06 dist/assets/ExecutivePersonaDashboardPage-DFi__Gtw.js    1.12 kB │ gzip:   0.51 kB
#36 15.06 dist/assets/LicenseGate-DEk0_Bkc.js                      1.23 kB │ gzip:   0.54 kB
#36 15.06 dist/assets/phase8-ai-BfedT348.js                        1.34 kB │ gzip:   0.64 kB
#36 15.06 dist/assets/PersonaAccessMatrixPage-BYuInaAA.js          1.54 kB │ gzip:   0.69 kB
#36 15.06 dist/assets/I18nRtlReadinessPage-CqqwBZRw.js             2.20 kB │ gzip:   0.71 kB
#36 15.06 dist/assets/phase15Advisory-13J3q4z3.js                  2.33 kB │ gzip:   0.52 kB
#36 15.06 dist/assets/OperationProgressPanel-CFF_0RqQ.js           3.21 kB │ gzip:   1.48 kB
#36 15.06 dist/assets/DynamicPage-BianKbZQ.js                      3.56 kB │ gzip:   1.34 kB
#36 15.06 dist/assets/phase9-personas-dDPFJem4.js                  3.63 kB │ gzip:   0.91 kB
#36 15.06 dist/assets/AssistantRuntimePage-BaBySqGr.js             3.88 kB │ gzip:   1.39 kB
#36 15.06 dist/assets/AuthContext-CS5ntJ_0.js                      3.96 kB │ gzip:   1.71 kB
#36 15.06 dist/assets/Phase10LicenseDemoPage-Ynuv9g0h.js           4.68 kB │ gzip:   1.70 kB
#36 15.06 dist/assets/HonestyCertificationPage-DatKjvWx.js         4.71 kB │ gzip:   1.83 kB
#36 15.06 dist/assets/SuggestionRecommendationPage-BChK1XaW.js     5.74 kB │ gzip:   1.84 kB
#36 15.06 dist/assets/BenchmarkingPage-COSlhOlT.js                 5.74 kB │ gzip:   2.09 kB
#36 15.06 dist/assets/RoiCfoDashboardPage-D3l3KcXi.js              5.75 kB │ gzip:   2.08 kB
#36 15.06 dist/assets/InspectionJobsPage-DezufSnO.js               5.87 kB │ gzip:   2.14 kB
#36 15.06 dist/assets/MappingHealthPage-Dq58z9L6.js                5.94 kB │ gzip:   2.31 kB
#36 15.06 dist/assets/AssistantConfigurationPage-CIjfrAmK.js       5.95 kB │ gzip:   1.76 kB
#36 15.06 dist/assets/ValueRealizationPage-B5Gp4iex.js             6.42 kB │ gzip:   2.24 kB
#36 15.06 dist/assets/AdvancedAnalysisPage-BrSM1QqX.js             7.36 kB │ gzip:   2.70 kB
#36 15.06 dist/assets/react-BL2tfwYF.js                            7.52 kB │ gzip:   2.88 kB
#36 15.06 dist/assets/Phase7ValueScenarioPage-CjVn0RgO.js          7.69 kB │ gzip:   2.65 kB
#36 15.06 dist/assets/RecommendationsPage-7JKi9jkF.js              7.99 kB │ gzip:   2.58 kB
#36 15.06 dist/assets/PageBuilderPage-DdHTkkyV.js                  8.02 kB │ gzip:   2.77 kB
#36 15.06 dist/assets/ScenarioSimulationPage-kxZeLIkg.js           8.12 kB │ gzip:   2.68 kB
#36 15.06 dist/assets/HistorianConnectorPage-BVHNs3Eh.js           9.57 kB │ gzip:   3.19 kB
#36 15.06 dist/assets/StandardSurface-fI3lMwzA.js                  9.91 kB │ gzip:   3.63 kB
#36 15.06 dist/assets/EdgeCollectorPage-CJwoR6Z0.js               10.39 kB │ gzip:   3.28 kB
#36 15.06 dist/assets/CommercialLicensePage-DpEheGJr.js           12.37 kB │ gzip:   3.26 kB
#36 15.06 dist/assets/DemoAnalyticsPages-BH1ROh-0.js              12.63 kB │ gzip:   4.67 kB
#36 15.06 dist/assets/MaterialInvestigationPage-BFN0vtOW.js       14.01 kB │ gzip:   4.66 kB
#36 15.06 dist/assets/MaterialAnalyticsPages-D-D7vT8i.js          29.74 kB │ gzip:   8.85 kB
#36 15.06 dist/assets/apiClient-DhXxZI04.js                       42.09 kB │ gzip:  12.50 kB
#36 15.06 dist/assets/index-ysU26g6M.js                          315.45 kB │ gzip:  98.86 kB
#36 15.06 dist/assets/AnalyticsWidgetsPage-4S7iGzaY.js           372.41 kB │ gzip: 108.68 kB
#36 15.06
#36 15.06 ✓ built in 647ms
#36 DONE 15.2s

#12 [plantprocess-workers runtime 1/3] FROM mcr.microsoft.com/dotnet/runtime:9.0@sha256:fa8c81841d934e6a170c2b6dc5075fd78368074bbc2646cfb181a03d5bce2785
#12 sha256:0cacd0112a0b03ef184f1e195928e1418c28adf2f169272f844dea88a590d111 13.63MB / 34.56MB 51.6s
#12 ...

#37 [plantprocess-app-web runtime 2/3] COPY nginx.conf /etc/nginx/conf.d/default.conf
#37 CACHED

#38 [plantprocess-app-web runtime 3/3] COPY --from=build /app/dist /usr/share/nginx/html
#38 DONE 0.0s

#12 [plantprocess-workers runtime 1/3] FROM mcr.microsoft.com/dotnet/runtime:9.0@sha256:fa8c81841d934e6a170c2b6dc5075fd78368074bbc2646cfb181a03d5bce2785
#12 ...

#39 [plantprocess-app-web] exporting to image
#39 exporting layers 0.1s done
#39 exporting manifest sha256:6acecc4d44c97048a6a564d42e12f5d0c3f1d3c8d13c36a78a98dd9025983804 0.0s done
#39 exporting config sha256:3e911e7f6dd20785e7b31c50b10f14bb976c3b7afdb71be8018a91ba3276998d 0.0s done
#39 exporting attestation manifest sha256:f0d7774a023140f299aa992dab653c139740aa22a2bee770aeda02a006764913 0.0s done
#39 exporting manifest list sha256:70630b9b25fc1186216053690f110d615f372f80cf33257516bf5ebf0622ffae 0.0s done
#39 naming to docker.io/library/plantprocess-app-web:latest done
#39 unpacking to docker.io/library/plantprocess-app-web:latest 0.1s done
#39 DONE 0.3s

#12 [plantprocess-workers runtime 1/3] FROM mcr.microsoft.com/dotnet/runtime:9.0@sha256:fa8c81841d934e6a170c2b6dc5075fd78368074bbc2646cfb181a03d5bce2785
#12 ...

#13 [plantprocess-api build  1/12] FROM mcr.microsoft.com/dotnet/sdk:9.0@sha256:ff12d25929cad887fb9c83e0be843f3cb56ef961fb90623686cd018a988c3675
#13 sha256:0dca027e67c42f91efaf758d1bcd357eb3dc1f1f662ceebabb75847cf37feab3 6.29MB / 176.20MB 19.6s
#13 sha256:d4b90ec5e52c949edd66e27c07f9d66ab8787e3af6215105e412b18bf8d6fa5d 1.05MB / 31.09MB 2.1s
#13 ...

#40 [plantprocess-app-web] resolving provenance for metadata file
#40 DONE 0.0s

#13 [plantprocess-api build  1/12] FROM mcr.microsoft.com/dotnet/sdk:9.0@sha256:ff12d25929cad887fb9c83e0be843f3cb56ef961fb90623686cd018a988c3675
#13 ...

#12 [plantprocess-workers runtime 1/3] FROM mcr.microsoft.com/dotnet/runtime:9.0@sha256:fa8c81841d934e6a170c2b6dc5075fd78368074bbc2646cfb181a03d5bce2785
#12 sha256:de9bd4227a4c54d794460c8ad476aead7cd50d77c854c7ceee97187db205d275 13.63MB / 18.74MB 54.3s
#12 sha256:0cacd0112a0b03ef184f1e195928e1418c28adf2f169272f844dea88a590d111 15.73MB / 34.56MB 55.6s
#12 sha256:de9bd4227a4c54d794460c8ad476aead7cd50d77c854c7ceee97187db205d275 14.68MB / 18.74MB 58.8s
#12 ...

#13 [plantprocess-api build  1/12] FROM mcr.microsoft.com/dotnet/sdk:9.0@sha256:ff12d25929cad887fb9c83e0be843f3cb56ef961fb90623686cd018a988c3675
#13 sha256:0dca027e67c42f91efaf758d1bcd357eb3dc1f1f662ceebabb75847cf37feab3 10.49MB / 176.20MB 27.3s
#13 sha256:d4b90ec5e52c949edd66e27c07f9d66ab8787e3af6215105e412b18bf8d6fa5d 12.58MB / 31.09MB 9.8s
#13 sha256:d4b90ec5e52c949edd66e27c07f9d66ab8787e3af6215105e412b18bf8d6fa5d 14.68MB / 31.09MB 12.6s
#13 sha256:0dca027e67c42f91efaf758d1bcd357eb3dc1f1f662ceebabb75847cf37feab3 13.63MB / 176.20MB 32.4s
#13 sha256:d4b90ec5e52c949edd66e27c07f9d66ab8787e3af6215105e412b18bf8d6fa5d 16.78MB / 31.09MB 16.5s
#13 sha256:0dca027e67c42f91efaf758d1bcd357eb3dc1f1f662ceebabb75847cf37feab3 17.83MB / 176.20MB 37.5s
#13 ...

#12 [plantprocess-workers runtime 1/3] FROM mcr.microsoft.com/dotnet/runtime:9.0@sha256:fa8c81841d934e6a170c2b6dc5075fd78368074bbc2646cfb181a03d5bce2785
#12 sha256:0cacd0112a0b03ef184f1e195928e1418c28adf2f169272f844dea88a590d111 20.97MB / 34.56MB 70.2s
#12 sha256:de9bd4227a4c54d794460c8ad476aead7cd50d77c854c7ceee97187db205d275 18.74MB / 18.74MB 68.0s done
#12 extracting sha256:de9bd4227a4c54d794460c8ad476aead7cd50d77c854c7ceee97187db205d275 0.4s done
#12 extracting sha256:c54f34b23846a57f507406fc52ff8f205ac664ba9b9731aaccc0241292493389 0.0s done
#12 ...

#13 [plantprocess-api build  1/12] FROM mcr.microsoft.com/dotnet/sdk:9.0@sha256:ff12d25929cad887fb9c83e0be843f3cb56ef961fb90623686cd018a988c3675
#13 sha256:d4b90ec5e52c949edd66e27c07f9d66ab8787e3af6215105e412b18bf8d6fa5d 18.87MB / 31.09MB 21.3s
#13 sha256:0dca027e67c42f91efaf758d1bcd357eb3dc1f1f662ceebabb75847cf37feab3 23.07MB / 176.20MB 42.6s
#13 sha256:d4b90ec5e52c949edd66e27c07f9d66ab8787e3af6215105e412b18bf8d6fa5d 20.97MB / 31.09MB 25.6s
#13 sha256:d4b90ec5e52c949edd66e27c07f9d66ab8787e3af6215105e412b18bf8d6fa5d 23.07MB / 31.09MB 28.9s
#13 sha256:0dca027e67c42f91efaf758d1bcd357eb3dc1f1f662ceebabb75847cf37feab3 27.26MB / 176.20MB 47.7s
#13 ...

#12 [plantprocess-workers runtime 1/3] FROM mcr.microsoft.com/dotnet/runtime:9.0@sha256:fa8c81841d934e6a170c2b6dc5075fd78368074bbc2646cfb181a03d5bce2785
#12 sha256:0cacd0112a0b03ef184f1e195928e1418c28adf2f169272f844dea88a590d111 26.21MB / 34.56MB 80.5s
#12 ...

#13 [plantprocess-api build  1/12] FROM mcr.microsoft.com/dotnet/sdk:9.0@sha256:ff12d25929cad887fb9c83e0be843f3cb56ef961fb90623686cd018a988c3675
#13 sha256:d4b90ec5e52c949edd66e27c07f9d66ab8787e3af6215105e412b18bf8d6fa5d 25.17MB / 31.09MB 31.5s
#13 sha256:d4b90ec5e52c949edd66e27c07f9d66ab8787e3af6215105e412b18bf8d6fa5d 27.26MB / 31.09MB 35.0s
#13 sha256:0dca027e67c42f91efaf758d1bcd357eb3dc1f1f662ceebabb75847cf37feab3 33.55MB / 176.20MB 52.8s
#13 sha256:d4b90ec5e52c949edd66e27c07f9d66ab8787e3af6215105e412b18bf8d6fa5d 29.36MB / 31.09MB 39.1s
#13 sha256:0dca027e67c42f91efaf758d1bcd357eb3dc1f1f662ceebabb75847cf37feab3 38.80MB / 176.20MB 57.9s
#13 ...

#12 [plantprocess-workers runtime 1/3] FROM mcr.microsoft.com/dotnet/runtime:9.0@sha256:fa8c81841d934e6a170c2b6dc5075fd78368074bbc2646cfb181a03d5bce2785
#12 sha256:0cacd0112a0b03ef184f1e195928e1418c28adf2f169272f844dea88a590d111 30.41MB / 34.56MB 90.9s
#12 ...

#13 [plantprocess-api build  1/12] FROM mcr.microsoft.com/dotnet/sdk:9.0@sha256:ff12d25929cad887fb9c83e0be843f3cb56ef961fb90623686cd018a988c3675
#13 sha256:d4b90ec5e52c949edd66e27c07f9d66ab8787e3af6215105e412b18bf8d6fa5d 31.09MB / 31.09MB 41.8s done
#13 sha256:d4b90ec5e52c949edd66e27c07f9d66ab8787e3af6215105e412b18bf8d6fa5d 31.09MB / 31.09MB 41.8s done
#13 sha256:0dca027e67c42f91efaf758d1bcd357eb3dc1f1f662ceebabb75847cf37feab3 44.04MB / 176.20MB 63.0s
#13 ...

#12 [plantprocess-workers runtime 1/3] FROM mcr.microsoft.com/dotnet/runtime:9.0@sha256:fa8c81841d934e6a170c2b6dc5075fd78368074bbc2646cfb181a03d5bce2785
#12 sha256:0cacd0112a0b03ef184f1e195928e1418c28adf2f169272f844dea88a590d111 34.56MB / 34.56MB 97.4s done
#12 extracting sha256:0cacd0112a0b03ef184f1e195928e1418c28adf2f169272f844dea88a590d111 0.5s done
#12 extracting sha256:dde72958f118019dd638292bb32bb900a1dc55a75649214c221f18c608f4912b 0.0s done
#12 DONE 98.2s

#13 [plantprocess-api build  1/12] FROM mcr.microsoft.com/dotnet/sdk:9.0@sha256:ff12d25929cad887fb9c83e0be843f3cb56ef961fb90623686cd018a988c3675
#13 ...

#14 [plantprocess-api runtime 1/3] FROM mcr.microsoft.com/dotnet/aspnet:9.0@sha256:02cf9495cca48f5c39d2984c8f4a4b346edbe9fc4697b1101a02ffdc4e37a07e
#14 extracting sha256:9184cd1b4ed261350dfdf57d6ffed36910862ed4f26411372b029b45715969c1
#14 extracting sha256:9184cd1b4ed261350dfdf57d6ffed36910862ed4f26411372b029b45715969c1 0.2s done
#14 DONE 50.9s

#41 [plantprocess-workers runtime 2/3] WORKDIR /app
#41 DONE 0.1s

#13 [plantprocess-api build  1/12] FROM mcr.microsoft.com/dotnet/sdk:9.0@sha256:ff12d25929cad887fb9c83e0be843f3cb56ef961fb90623686cd018a988c3675
#13 ...

#42 [plantprocess-api runtime 2/3] WORKDIR /app
#42 DONE 0.1s

#13 [plantprocess-api build  1/12] FROM mcr.microsoft.com/dotnet/sdk:9.0@sha256:ff12d25929cad887fb9c83e0be843f3cb56ef961fb90623686cd018a988c3675
#13 extracting sha256:d4b90ec5e52c949edd66e27c07f9d66ab8787e3af6215105e412b18bf8d6fa5d
#13 extracting sha256:d4b90ec5e52c949edd66e27c07f9d66ab8787e3af6215105e412b18bf8d6fa5d 0.8s done
#13 sha256:0dca027e67c42f91efaf758d1bcd357eb3dc1f1f662ceebabb75847cf37feab3 48.23MB / 176.20MB 68.1s
#13 sha256:0dca027e67c42f91efaf758d1bcd357eb3dc1f1f662ceebabb75847cf37feab3 49.28MB / 176.20MB 73.2s
#13 sha256:0dca027e67c42f91efaf758d1bcd357eb3dc1f1f662ceebabb75847cf37feab3 50.33MB / 176.20MB 78.3s
#13 sha256:0dca027e67c42f91efaf758d1bcd357eb3dc1f1f662ceebabb75847cf37feab3 55.57MB / 176.20MB 83.4s
#13 sha256:0dca027e67c42f91efaf758d1bcd357eb3dc1f1f662ceebabb75847cf37feab3 63.96MB / 176.20MB 88.5s
#13 sha256:0dca027e67c42f91efaf758d1bcd357eb3dc1f1f662ceebabb75847cf37feab3 67.11MB / 176.20MB 93.6s
#13 sha256:0dca027e67c42f91efaf758d1bcd357eb3dc1f1f662ceebabb75847cf37feab3 71.30MB / 176.20MB 98.7s
#13 sha256:0dca027e67c42f91efaf758d1bcd357eb3dc1f1f662ceebabb75847cf37feab3 78.64MB / 176.20MB 103.8s
#13 sha256:0dca027e67c42f91efaf758d1bcd357eb3dc1f1f662ceebabb75847cf37feab3 83.89MB / 176.20MB 108.9s
#13 sha256:0dca027e67c42f91efaf758d1bcd357eb3dc1f1f662ceebabb75847cf37feab3 87.03MB / 176.20MB 114.0s
#13 sha256:0dca027e67c42f91efaf758d1bcd357eb3dc1f1f662ceebabb75847cf37feab3 90.18MB / 176.20MB 119.1s
#13 sha256:0dca027e67c42f91efaf758d1bcd357eb3dc1f1f662ceebabb75847cf37feab3 94.37MB / 176.20MB 124.2s
#13 sha256:0dca027e67c42f91efaf758d1bcd357eb3dc1f1f662ceebabb75847cf37feab3 98.57MB / 176.20MB 129.3s
#13 sha256:0dca027e67c42f91efaf758d1bcd357eb3dc1f1f662ceebabb75847cf37feab3 102.76MB / 176.20MB 134.4s
#13 sha256:0dca027e67c42f91efaf758d1bcd357eb3dc1f1f662ceebabb75847cf37feab3 106.95MB / 176.20MB 139.5s
#13 sha256:0dca027e67c42f91efaf758d1bcd357eb3dc1f1f662ceebabb75847cf37feab3 111.15MB / 176.20MB 144.6s
#13 sha256:0dca027e67c42f91efaf758d1bcd357eb3dc1f1f662ceebabb75847cf37feab3 118.49MB / 176.20MB 149.7s
#13 sha256:0dca027e67c42f91efaf758d1bcd357eb3dc1f1f662ceebabb75847cf37feab3 126.88MB / 176.20MB 154.8s
#13 sha256:0dca027e67c42f91efaf758d1bcd357eb3dc1f1f662ceebabb75847cf37feab3 136.31MB / 176.20MB 159.4s
#13 sha256:0dca027e67c42f91efaf758d1bcd357eb3dc1f1f662ceebabb75847cf37feab3 145.75MB / 176.20MB 164.1s
#13 sha256:0dca027e67c42f91efaf758d1bcd357eb3dc1f1f662ceebabb75847cf37feab3 148.90MB / 176.20MB 169.2s
#13 sha256:0dca027e67c42f91efaf758d1bcd357eb3dc1f1f662ceebabb75847cf37feab3 152.04MB / 176.20MB 174.3s
#13 sha256:0dca027e67c42f91efaf758d1bcd357eb3dc1f1f662ceebabb75847cf37feab3 154.14MB / 176.20MB 179.4s
#13 sha256:0dca027e67c42f91efaf758d1bcd357eb3dc1f1f662ceebabb75847cf37feab3 160.43MB / 176.20MB 184.5s
#13 sha256:0dca027e67c42f91efaf758d1bcd357eb3dc1f1f662ceebabb75847cf37feab3 168.82MB / 176.20MB 189.6s
#13 sha256:0dca027e67c42f91efaf758d1bcd357eb3dc1f1f662ceebabb75847cf37feab3 175.11MB / 176.20MB 194.7s
#13 sha256:0dca027e67c42f91efaf758d1bcd357eb3dc1f1f662ceebabb75847cf37feab3 176.20MB / 176.20MB 195.7s done
#13 sha256:0dca027e67c42f91efaf758d1bcd357eb3dc1f1f662ceebabb75847cf37feab3 176.20MB / 176.20MB 195.7s done
#13 extracting sha256:0dca027e67c42f91efaf758d1bcd357eb3dc1f1f662ceebabb75847cf37feab3
#13 extracting sha256:0dca027e67c42f91efaf758d1bcd357eb3dc1f1f662ceebabb75847cf37feab3 3.4s done
#13 extracting sha256:0dca027e67c42f91efaf758d1bcd357eb3dc1f1f662ceebabb75847cf37feab3 3.4s done
#13 extracting sha256:08ffa201387406df2d73c5c31d3299abea8564a07310aa4b15822739ca1b2435 0.0s done
#13 extracting sha256:1d8268e34e916406c43c996007a761d9a14d35e8e9ecd6aa2da10d2ac7ff4a77
#13 extracting sha256:1d8268e34e916406c43c996007a761d9a14d35e8e9ecd6aa2da10d2ac7ff4a77 0.3s done
#13 extracting sha256:1d8268e34e916406c43c996007a761d9a14d35e8e9ecd6aa2da10d2ac7ff4a77 0.3s done
#13 DONE 232.5s

#43 [plantprocess-api build  2/12] WORKDIR /src
#43 DONE 0.4s

#44 [plantprocess-api build  3/12] COPY PlantProcessIQ.sln ./
#44 DONE 0.0s

#45 [plantprocess-workers build  4/12] COPY PlantProcess.Domain/PlantProcess.Domain.csproj PlantProcess.Domain/
#45 DONE 0.0s

#46 [plantprocess-workers build  5/12] COPY PlantProcess.Application/PlantProcess.Application.csproj PlantProcess.Application/
#46 DONE 0.0s

#47 [plantprocess-api build  6/12] COPY PlantProcess.Infrastructure/PlantProcess.Infrastructure.csproj PlantProcess.Infrastructure/
#47 DONE 0.0s

#48 [plantprocess-workers build  7/12] COPY PlantProcess.Analytics.Core/PlantProcess.Analytics.Core.csproj PlantProcess.Analytics.Core/
#48 DONE 0.0s

#49 [plantprocess-workers build  8/12] COPY PlantProcess.Analytics.Engine/PlantProcess.Analytics.Engine.csproj PlantProcess.Analytics.Engine/
#49 DONE 0.0s

#50 [plantprocess-api build  9/13] COPY PlantProcess.Api/PlantProcess.Api.csproj PlantProcess.Api/
#50 DONE 0.0s

#51 [plantprocess-workers build  9/12] COPY PlantProcess.Workers/PlantProcess.Workers.csproj PlantProcess.Workers/
#51 DONE 0.1s

#52 [plantprocess-api build 10/13] COPY PlantProcess.Workers/PlantProcess.Workers.csproj PlantProcess.Workers/
#52 DONE 0.1s

#53 [plantprocess-workers build 10/12] RUN dotnet restore PlantProcess.Workers/PlantProcess.Workers.csproj
#53 1.125   Determining projects to restore...
#53 2.878   Restored /src/PlantProcess.Domain/PlantProcess.Domain.csproj (in 159 ms).
#53 2.878   Restored /src/PlantProcess.Analytics.Core/PlantProcess.Analytics.Core.csproj (in 159 ms).
#53 ...

#54 [plantprocess-api build 11/13] RUN dotnet restore PlantProcess.Api/PlantProcess.Api.csproj &&     dotnet restore PlantProcess.Workers/PlantProcess.Workers.csproj
#54 1.140   Determining projects to restore...
#54 2.907   Restored /src/PlantProcess.Domain/PlantProcess.Domain.csproj (in 147 ms).
#54 2.907   Restored /src/PlantProcess.Analytics.Core/PlantProcess.Analytics.Core.csproj (in 147 ms).
#54 ...

#53 [plantprocess-workers build 10/12] RUN dotnet restore PlantProcess.Workers/PlantProcess.Workers.csproj
#53 16.60   Restored /src/PlantProcess.Application/PlantProcess.Application.csproj (in 13.95 sec).
#53 ...

#54 [plantprocess-api build 11/13] RUN dotnet restore PlantProcess.Api/PlantProcess.Api.csproj &&     dotnet restore PlantProcess.Workers/PlantProcess.Workers.csproj
#54 16.56   Restored /src/PlantProcess.Application/PlantProcess.Application.csproj (in 13.84 sec).
#54 16.56   Restored /src/PlantProcess.Analytics.Engine/PlantProcess.Analytics.Engine.csproj (in 13.84 sec).
#54 41.22   Restored /src/PlantProcess.Api/PlantProcess.Api.csproj (in 38.51 sec).
#54 43.83   Restored /src/PlantProcess.Workers/PlantProcess.Workers.csproj (in 41.12 sec).
#54 43.84   Restored /src/PlantProcess.Infrastructure/PlantProcess.Infrastructure.csproj (in 41.13 sec).
#54 44.75   Determining projects to restore...
#54 45.77   All projects are up-to-date for restore.
#54 DONE 46.5s

#53 [plantprocess-workers build 10/12] RUN dotnet restore PlantProcess.Workers/PlantProcess.Workers.csproj
#53 ...

#55 [plantprocess-api build 12/13] COPY . .
#55 DONE 1.5s

#53 [plantprocess-workers build 10/12] RUN dotnet restore PlantProcess.Workers/PlantProcess.Workers.csproj
#53 47.75   Restored /src/PlantProcess.Infrastructure/PlantProcess.Infrastructure.csproj (in 45.11 sec).
#53 47.76   Restored /src/PlantProcess.Workers/PlantProcess.Workers.csproj (in 45.11 sec).
#53 DONE 48.0s

#56 [plantprocess-workers build 11/12] COPY . .
#56 DONE 0.3s

#57 [plantprocess-api build 13/13] RUN dotnet publish PlantProcess.Api/PlantProcess.Api.csproj     -c Release     -o /app/publish     --no-restore     /p:ErrorOnDuplicatePublishOutputFiles=f
alse
#57 7.405   PlantProcess.Domain -> /src/PlantProcess.Domain/bin/Release/net9.0/PlantProcess.Domain.dll
#57 7.419   PlantProcess.Analytics.Core -> /src/PlantProcess.Analytics.Core/bin/Release/net9.0/PlantProcess.Analytics.Core.dll
#57 ...

#58 [plantprocess-workers build 12/12] RUN dotnet publish PlantProcess.Workers/PlantProcess.Workers.csproj     -c Release     -o /app/publish     --no-restore
#58 7.178   PlantProcess.Domain -> /src/PlantProcess.Domain/bin/Release/net9.0/PlantProcess.Domain.dll
#58 7.186   PlantProcess.Analytics.Core -> /src/PlantProcess.Analytics.Core/bin/Release/net9.0/PlantProcess.Analytics.Core.dll
#58 ...

#57 [plantprocess-api build 13/13] RUN dotnet publish PlantProcess.Api/PlantProcess.Api.csproj     -c Release     -o /app/publish     --no-restore     /p:ErrorOnDuplicatePublishOutputFiles=f
alse
#57 14.81 /src/PlantProcess.Application/DependencyInjection.cs(112,49): warning CS0618: 'CorrelationService' is obsolete: 'PPIQ-T012: superseded by the canonical Analytics.Core engine; not f
or inferential claims.' [/src/PlantProcess.Application/PlantProcess.Application.csproj]
#57 14.91   PlantProcess.Application -> /src/PlantProcess.Application/bin/Release/net9.0/PlantProcess.Application.dll
#57 15.72   PlantProcess.Analytics.Engine -> /src/PlantProcess.Analytics.Engine/bin/Release/net9.0/PlantProcess.Analytics.Engine.dll
#57 ...

#58 [plantprocess-workers build 12/12] RUN dotnet publish PlantProcess.Workers/PlantProcess.Workers.csproj     -c Release     -o /app/publish     --no-restore
#58 15.10 /src/PlantProcess.Application/DependencyInjection.cs(112,49): warning CS0618: 'CorrelationService' is obsolete: 'PPIQ-T012: superseded by the canonical Analytics.Core engine; not f
or inferential claims.' [/src/PlantProcess.Application/PlantProcess.Application.csproj]
#58 15.19   PlantProcess.Application -> /src/PlantProcess.Application/bin/Release/net9.0/PlantProcess.Application.dll
#58 ...

#57 [plantprocess-api build 13/13] RUN dotnet publish PlantProcess.Api/PlantProcess.Api.csproj     -c Release     -o /app/publish     --no-restore     /p:ErrorOnDuplicatePublishOutputFiles=f
alse
#57 25.97 /src/PlantProcess.Infrastructure/Connectors/Csv/CsvConnector.cs(17,55): warning CS1998: This async method lacks 'await' operators and will run synchronously. Consider using the 'aw
ait' operator to await non-blocking API calls, or 'await Task.Run(...)' to do CPU-bound work on a background thread. [/src/PlantProcess.Infrastructure/PlantProcess.Infrastructure.csproj]
#57 26.17   PlantProcess.Infrastructure -> /src/PlantProcess.Infrastructure/bin/Release/net9.0/PlantProcess.Infrastructure.dll
#57 27.04   PlantProcess.Workers -> /src/PlantProcess.Workers/bin/Release/net9.0/PlantProcess.Workers.dll
#57 ...

#58 [plantprocess-workers build 12/12] RUN dotnet publish PlantProcess.Workers/PlantProcess.Workers.csproj     -c Release     -o /app/publish     --no-restore
#58 26.18 /src/PlantProcess.Infrastructure/Connectors/Csv/CsvConnector.cs(17,55): warning CS1998: This async method lacks 'await' operators and will run synchronously. Consider using the 'aw
ait' operator to await non-blocking API calls, or 'await Task.Run(...)' to do CPU-bound work on a background thread. [/src/PlantProcess.Infrastructure/PlantProcess.Infrastructure.csproj]
#58 26.31   PlantProcess.Infrastructure -> /src/PlantProcess.Infrastructure/bin/Release/net9.0/PlantProcess.Infrastructure.dll
#58 27.15   PlantProcess.Workers -> /src/PlantProcess.Workers/bin/Release/net9.0/PlantProcess.Workers.dll
#58 27.39   PlantProcess.Workers -> /app/publish/
#58 DONE 27.6s

#59 [plantprocess-workers runtime 3/3] COPY --from=build /app/publish .
#59 DONE 0.2s

#57 [plantprocess-api build 13/13] RUN dotnet publish PlantProcess.Api/PlantProcess.Api.csproj     -c Release     -o /app/publish     --no-restore     /p:ErrorOnDuplicatePublishOutputFiles=f
alse
#57 ...

#60 [plantprocess-workers] exporting to image
#60 exporting layers
#60 exporting layers 5.0s done
#60 exporting manifest sha256:e89dc89b04efd06df26e2e3bed706fa9cb5dc1f4ff96b9b4db89956aaae04d02 0.0s done
#60 exporting config sha256:c9b8fc06435cfc433bdec70b3799a7d5f9be18338f60238dccd9b996b0503e47 0.0s done
#60 exporting attestation manifest sha256:96b53cd5d443e983617094b53cdb54befd7e470e90a7604e55f297f9a63bee51 0.0s done
#60 exporting manifest list sha256:df234d9bab4ce88a32544d204615ebb41f36336993677a060d9a17f6e1b3ca24 0.0s done
#60 naming to docker.io/library/plantprocess-workers:latest done
#60 unpacking to docker.io/library/plantprocess-workers:latest
#60 unpacking to docker.io/library/plantprocess-workers:latest 0.4s done
#60 DONE 5.5s

#57 [plantprocess-api build 13/13] RUN dotnet publish PlantProcess.Api/PlantProcess.Api.csproj     -c Release     -o /app/publish     --no-restore     /p:ErrorOnDuplicatePublishOutputFiles=f
alse
#57 ...

#61 [plantprocess-workers] resolving provenance for metadata file
#61 DONE 0.0s

#57 [plantprocess-api build 13/13] RUN dotnet publish PlantProcess.Api/PlantProcess.Api.csproj     -c Release     -o /app/publish     --no-restore     /p:ErrorOnDuplicatePublishOutputFiles=f
alse
#57 35.88 /src/PlantProcess.Api/EnterpriseSsoScim/V5EnterpriseSsoScimEndpoints.cs(694,9): warning CS0162: Unreachable code detected [/src/PlantProcess.Api/PlantProcess.Api.csproj]
#57 35.88 /src/PlantProcess.Api/Endpoints/Analytics/Phase2InvestigationEndpoints.cs(108,13): warning CS8604: Possible null reference argument for parameter 'parameters' in 'Task<int> Relatio
nalDatabaseFacadeExtensions.ExecuteSqlRawAsync(DatabaseFacade databaseFacade, string sql, params object[] parameters)'. [/src/PlantProcess.Api/PlantProcess.Api.csproj]
#57 35.88 /src/PlantProcess.Api/Endpoints/Analytics/Phase2InvestigationEndpoints.cs(109,13): warning CS8604: Possible null reference argument for parameter 'parameters' in 'Task<int> Relatio
nalDatabaseFacadeExtensions.ExecuteSqlRawAsync(DatabaseFacade databaseFacade, string sql, params object[] parameters)'. [/src/PlantProcess.Api/PlantProcess.Api.csproj]
#57 35.88 /src/PlantProcess.Api/Endpoints/Analytics/Phase2InvestigationEndpoints.cs(110,13): warning CS8604: Possible null reference argument for parameter 'parameters' in 'Task<int> Relatio
nalDatabaseFacadeExtensions.ExecuteSqlRawAsync(DatabaseFacade databaseFacade, string sql, params object[] parameters)'. [/src/PlantProcess.Api/PlantProcess.Api.csproj]
#57 35.88 /src/PlantProcess.Api/Endpoints/Analytics/Phase2InvestigationEndpoints.cs(111,13): warning CS8604: Possible null reference argument for parameter 'parameters' in 'Task<int> Relatio
nalDatabaseFacadeExtensions.ExecuteSqlRawAsync(DatabaseFacade databaseFacade, string sql, params object[] parameters)'. [/src/PlantProcess.Api/PlantProcess.Api.csproj]
#57 35.88 /src/PlantProcess.Api/Endpoints/Analytics/Phase2InvestigationEndpoints.cs(112,13): warning CS8604: Possible null reference argument for parameter 'parameters' in 'Task<int> Relatio
nalDatabaseFacadeExtensions.ExecuteSqlRawAsync(DatabaseFacade databaseFacade, string sql, params object[] parameters)'. [/src/PlantProcess.Api/PlantProcess.Api.csproj]
#57 35.88 /src/PlantProcess.Api/Endpoints/Analytics/Phase2InvestigationEndpoints.cs(117,13): warning CS8604: Possible null reference argument for parameter 'parameters' in 'Task<int> Relatio
nalDatabaseFacadeExtensions.ExecuteSqlRawAsync(DatabaseFacade databaseFacade, string sql, params object[] parameters)'. [/src/PlantProcess.Api/PlantProcess.Api.csproj]
#57 35.88 /src/PlantProcess.Api/Endpoints/Analytics/Phase2InvestigationEndpoints.cs(120,13): warning CS8604: Possible null reference argument for parameter 'parameters' in 'Task<int> Relatio
nalDatabaseFacadeExtensions.ExecuteSqlRawAsync(DatabaseFacade databaseFacade, string sql, params object[] parameters)'. [/src/PlantProcess.Api/PlantProcess.Api.csproj]
#57 35.88 /src/PlantProcess.Api/Endpoints/Admin/Phase2OperationEndpoints.cs(289,13): warning CS8604: Possible null reference argument for parameter 'parameters' in 'Task<int> RelationalDatab
aseFacadeExtensions.ExecuteSqlRawAsync(DatabaseFacade databaseFacade, string sql, params object[] parameters)'. [/src/PlantProcess.Api/PlantProcess.Api.csproj]
#57 35.88 /src/PlantProcess.Api/Endpoints/Admin/Phase2OperationEndpoints.cs(556,13): warning CS8604: Possible null reference argument for parameter 'parameters' in 'Task<int> RelationalDatab
aseFacadeExtensions.ExecuteSqlRawAsync(DatabaseFacade databaseFacade, string sql, params object[] parameters)'. [/src/PlantProcess.Api/PlantProcess.Api.csproj]
#57 35.88 /src/PlantProcess.Api/Endpoints/Admin/Phase2OperationEndpoints.cs(557,13): warning CS8604: Possible null reference argument for parameter 'parameters' in 'Task<int> RelationalDatab
aseFacadeExtensions.ExecuteSqlRawAsync(DatabaseFacade databaseFacade, string sql, params object[] parameters)'. [/src/PlantProcess.Api/PlantProcess.Api.csproj]
#57 35.88 /src/PlantProcess.Api/Endpoints/Admin/Phase2OperationEndpoints.cs(558,13): warning CS8604: Possible null reference argument for parameter 'parameters' in 'Task<int> RelationalDatab
aseFacadeExtensions.ExecuteSqlRawAsync(DatabaseFacade databaseFacade, string sql, params object[] parameters)'. [/src/PlantProcess.Api/PlantProcess.Api.csproj]
#57 35.88 /src/PlantProcess.Api/Endpoints/Admin/Phase2OperationEndpoints.cs(559,13): warning CS8604: Possible null reference argument for parameter 'parameters' in 'Task<int> RelationalDatab
aseFacadeExtensions.ExecuteSqlRawAsync(DatabaseFacade databaseFacade, string sql, params object[] parameters)'. [/src/PlantProcess.Api/PlantProcess.Api.csproj]
#57 35.88 /src/PlantProcess.Api/Endpoints/Admin/Phase2OperationEndpoints.cs(560,13): warning CS8604: Possible null reference argument for parameter 'parameters' in 'Task<int> RelationalDatab
aseFacadeExtensions.ExecuteSqlRawAsync(DatabaseFacade databaseFacade, string sql, params object[] parameters)'. [/src/PlantProcess.Api/PlantProcess.Api.csproj]
#57 35.88 /src/PlantProcess.Api/Endpoints/Admin/Phase2OperationEndpoints.cs(561,13): warning CS8604: Possible null reference argument for parameter 'parameters' in 'Task<int> RelationalDatab
aseFacadeExtensions.ExecuteSqlRawAsync(DatabaseFacade databaseFacade, string sql, params object[] parameters)'. [/src/PlantProcess.Api/PlantProcess.Api.csproj]
#57 35.88 /src/PlantProcess.Api/Endpoints/Admin/Phase2OperationEndpoints.cs(562,13): warning CS8604: Possible null reference argument for parameter 'parameters' in 'Task<int> RelationalDatab
aseFacadeExtensions.ExecuteSqlRawAsync(DatabaseFacade databaseFacade, string sql, params object[] parameters)'. [/src/PlantProcess.Api/PlantProcess.Api.csproj]
#57 35.88 /src/PlantProcess.Api/Endpoints/Admin/Phase2OperationEndpoints.cs(563,13): warning CS8604: Possible null reference argument for parameter 'parameters' in 'Task<int> RelationalDatab
aseFacadeExtensions.ExecuteSqlRawAsync(DatabaseFacade databaseFacade, string sql, params object[] parameters)'. [/src/PlantProcess.Api/PlantProcess.Api.csproj]
#57 35.88 /src/PlantProcess.Api/Endpoints/Admin/Phase2OperationEndpoints.cs(564,13): warning CS8604: Possible null reference argument for parameter 'parameters' in 'Task<int> RelationalDatab
aseFacadeExtensions.ExecuteSqlRawAsync(DatabaseFacade databaseFacade, string sql, params object[] parameters)'. [/src/PlantProcess.Api/PlantProcess.Api.csproj]
#57 36.13   PlantProcess.Api -> /src/PlantProcess.Api/bin/Release/net9.0/PlantProcess.Api.dll
#57 36.35   PlantProcess.Api -> /app/publish/
#57 DONE 36.5s

#62 [plantprocess-api runtime 3/3] COPY --from=build /app/publish .
#62 DONE 0.1s

#63 [plantprocess-api] exporting to image
#63 exporting layers 2.6s done
#63 exporting manifest sha256:e687717393b2fcbcb933b960b593bad40c8969394fdf2ef4a3586119eb3b0b43 0.0s done
#63 exporting config sha256:72b83ac3071111c856f96ca8b8668739bc7604b7efe844a1f42d08c019b73712 0.0s done
#63 exporting attestation manifest sha256:6e57157591ea83b3b78dc88ff1f855c29888531cd8a72044b3ea318f06ad28cd 0.0s done
#63 exporting manifest list sha256:813377d69df1babffef3a01093a60e8b4fefb7deee60a7bd036921cd2e7d6fdc 0.0s done
#63 naming to docker.io/library/plantprocess-api:latest done
#63 unpacking to docker.io/library/plantprocess-api:latest
#63 unpacking to docker.io/library/plantprocess-api:latest 0.4s done
#63 DONE 3.1s

#64 [plantprocess-api] resolving provenance for metadata file
#64 DONE 0.0s
[+] up 10/10
 ✔ Image plantprocess-api:latest     Built                                                                                                                                              350.8s
 ✔ Image plantprocess-workers:latest Built                                                                                                                                              350.8s
 ✔ Image plantprocess-app-web:latest Built                                                                                                                                              350.8s
 ✔ Image plantprocess-website:latest Built                                                                                                                                              350.8s
 ✔ Network ppiq-network              Created                                                                                                                                              0.1s
 ✔ Volume ppiq-postgres-data         Created                                                                                                                                              0.0s
 ✔ Container plantprocess-api        Started                                                                                                                                              0.9s
 ✔ Container plantprocess-workers    Started                                                                                                                                              0.8s
 ✔ Container plantprocess-website    Started                                                                                                                                              0.9s
 ✔ Container plantprocess-app-web    Started                                                                                                                                              1.0s
**********************
Windows PowerShell transcript end
End time: 20260610123634
**********************
