
> plantprocess-web@0.0.0 build
> tsc -b && vite build

[36mvite v8.0.12 [32mbuilding client environment for production...[36m[39m
[2Ktransforming...✓ 2663 modules transformed.
rendering chunks...
computing gzip size...
dist/index.html                                          1.69 kB │ gzip:   0.68 kB
dist/assets/AlertingPage-BCvWD8Ow.css                    0.27 kB │ gzip:   0.19 kB
dist/assets/AuthorMappingPage-DP39fRHv.css               0.46 kB │ gzip:   0.28 kB
dist/assets/phase9-personas-6d4H5ZXs.css                 0.69 kB │ gzip:   0.38 kB
dist/assets/Phase7ValueScenarioPage-DGYLOJV5.css         1.09 kB │ gzip:   0.48 kB
dist/assets/DemoAnalyticsPages-D-9066Gx.css              1.41 kB │ gzip:   0.55 kB
dist/assets/phase8-ai-CXHaSXC_.css                       1.55 kB │ gzip:   0.67 kB
dist/assets/PageBuilderPage-Bf8tJvAO.css                 1.56 kB │ gzip:   0.50 kB
dist/assets/SupervisorReportPage-C-zZVEOc.css            1.60 kB │ gzip:   0.66 kB
dist/assets/DynamicPage-DCqfTtje.css                     1.85 kB │ gzip:   0.65 kB
dist/assets/P3T15WidgetSchemaDriftPage-B0CisO4U.css      2.31 kB │ gzip:   0.86 kB
dist/assets/ValueExecutiveDashboardPage-6WwToqa8.css     2.51 kB │ gzip:   0.92 kB
dist/assets/AnalysisToolboxPage-Qw256gL9.css             2.62 kB │ gzip:   0.72 kB
dist/assets/SourceImportPrepPage-CHswtf3g.css            2.65 kB │ gzip:   0.86 kB
dist/assets/WidgetAuthoringPanel-BKtCJ15T.css            3.15 kB │ gzip:   1.04 kB
dist/assets/AssistantRuntimePage-DAzL1LWv.css            3.76 kB │ gzip:   0.93 kB
dist/assets/MaterialAnalyticsPages-CnCq-G5u.css          4.08 kB │ gzip:   1.11 kB
dist/assets/CommercialLicensePage-BvVoV-gK.css           6.44 kB │ gzip:   1.36 kB
dist/assets/SharedAuthoringShell-D8MXGshr.css            8.98 kB │ gzip:   1.98 kB
dist/assets/CanvasShell-CSmU-5cA.css                    19.52 kB │ gzip:   3.63 kB
dist/assets/standard-components-CYfSL8cN.css            20.79 kB │ gzip:   4.37 kB
dist/assets/index-D9cmkAAy.css                         126.36 kB │ gzip:  24.74 kB
dist/assets/http-C4h5_2rQ.js                             0.03 kB │ gzip:   0.05 kB
dist/assets/CorrelationPage-B7nlrFeO.js                  0.17 kB │ gzip:   0.16 kB
dist/assets/DataQualityPage-Eiuotxb9.js                  0.17 kB │ gzip:   0.16 kB
dist/assets/MlReadinessPage-BNn_5am4.js                  0.17 kB │ gzip:   0.16 kB
dist/assets/BrandIdentityPage-kIijj_QB.js                0.17 kB │ gzip:   0.16 kB
dist/assets/RiskDashboardPage-VY2CdBCY.js                0.17 kB │ gzip:   0.16 kB
dist/assets/AdminPreviewWorkspacePage-DfKQ6z-Z.js        0.18 kB │ gzip:   0.16 kB
dist/assets/pageBuilder-BPI97R2o.js                      0.22 kB │ gzip:   0.16 kB
dist/assets/DashboardPage-OhTQ8R8G.js                    0.22 kB │ gzip:   0.18 kB
dist/assets/demoAnalytics.api-_UPL08pP.js                0.33 kB │ gzip:   0.24 kB
dist/assets/license-DZqxz9T-.js                          0.36 kB │ gzip:   0.20 kB
dist/assets/AdminTabRedirect-BVz5Jnaj.js                 0.55 kB │ gzip:   0.34 kB
dist/assets/advancedAnalysis-BWZDj7fk.js                 0.72 kB │ gzip:   0.42 kB
dist/assets/workflow-zRXCfg6J.js                         0.98 kB │ gzip:   0.47 kB
dist/assets/jsx-runtime-BE_tW6Ee.js                      1.06 kB │ gzip:   0.60 kB
dist/assets/ExecutivePersonaDashboardPage-D7XTS3p-.js    1.13 kB │ gzip:   0.51 kB
dist/assets/StandardPageCompat-DBpGQSzJ.js               1.25 kB │ gzip:   0.49 kB
dist/assets/phase8-ai-mkfXN8qm.js                        1.35 kB │ gzip:   0.65 kB
dist/assets/DataIntegrationLayout-Dn1JE2P5.js            1.45 kB │ gzip:   0.81 kB
dist/assets/AdminPage-DoW4P7MI.js                        1.60 kB │ gzip:   0.81 kB
dist/assets/PersonaAccessMatrixPage-kdb9sUmq.js          1.71 kB │ gzip:   0.74 kB
dist/assets/ConnectorTruthPage-CgkK5nXG.js               1.95 kB │ gzip:   0.96 kB
dist/assets/workflowFoundation.api-DS0mY_aD.js           2.06 kB │ gzip:   0.89 kB
dist/assets/I18nRtlReadinessPage-BGWHorvg.js             2.24 kB │ gzip:   0.74 kB
dist/assets/SupervisorReportPage-DxPrldOL.js             2.26 kB │ gzip:   1.10 kB
dist/assets/advisoryApi-BjgclEr7.js                      2.34 kB │ gzip:   0.52 kB
dist/assets/DemoAnalyticsPages-BqMoLUWY.js               2.76 kB │ gzip:   1.31 kB
dist/assets/HonestyCertificationPage-DioaFEKz.js         3.07 kB │ gzip:   1.29 kB
dist/assets/DynamicPage-C8TmPtAC.js                      3.51 kB │ gzip:   1.32 kB
dist/assets/phase9-personas-IX9LvFIR.js                  3.72 kB │ gzip:   0.96 kB
dist/assets/MappingHealthPage-BIodaLef.js                3.75 kB │ gzip:   1.57 kB
dist/assets/BenchmarkingPage-DArRr2wA.js                 3.83 kB │ gzip:   1.52 kB
dist/assets/AuthContext-TxZk5p9w.js                      3.86 kB │ gzip:   1.70 kB
dist/assets/RoiCfoDashboardPage-DxbH-Uzn.js              3.91 kB │ gzip:   1.52 kB
dist/assets/apiConfig-BsD6Wm6K.js                        3.99 kB │ gzip:   1.58 kB
dist/assets/ValueRealizationPage-CypsMSxZ.js             4.51 kB │ gzip:   1.70 kB
dist/assets/AlertingPage-vxjBoQfj.js                     4.91 kB │ gzip:   1.89 kB
dist/assets/InspectionJobsPage-DDlpqJBk.js               5.08 kB │ gzip:   1.89 kB
dist/assets/AdvancedAnalysisPage-CR48ouke.js             5.13 kB │ gzip:   2.02 kB
dist/assets/ScenarioSimulationPage-BkLDh5Jc.js           5.50 kB │ gzip:   1.99 kB
dist/assets/SuggestionRecommendationPage-BeQ_32fe.js     5.70 kB │ gzip:   1.83 kB
dist/assets/AssistantConfigurationPage-CDqH3OQS.js       5.72 kB │ gzip:   1.75 kB
dist/assets/RecommendationsPage-D5-0j5Xz.js              5.82 kB │ gzip:   2.05 kB
dist/assets/MaterialInvestigationPage-DCoNItpe.js        6.31 kB │ gzip:   2.59 kB
dist/assets/AssistantRuntimePage-D0bF2K7R.js             6.43 kB │ gzip:   2.22 kB
dist/assets/SourceImportPrepPage-mvEsFTfA.js             6.51 kB │ gzip:   2.13 kB
dist/assets/HistorianConnectorPage-CIiTBGYk.js           6.67 kB │ gzip:   2.39 kB
dist/assets/react-BL2tfwYF.js                            7.52 kB │ gzip:   2.88 kB
dist/assets/EdgeCollectorPage-C2mbEldZ.js                7.68 kB │ gzip:   2.58 kB
dist/assets/AnalysisToolboxPage-Q2l6rnM7.js              7.73 kB │ gzip:   2.84 kB
dist/assets/Phase7ValueScenarioPage-zfEwaURI.js          7.75 kB │ gzip:   2.68 kB
dist/assets/AuthorMappingPage-CH265Ryx.js                7.78 kB │ gzip:   2.98 kB
dist/assets/P3T15WidgetSchemaDriftPage-mSSl-fZt.js       9.26 kB │ gzip:   3.23 kB
dist/assets/AnalyticsWidgetsPage-C_30hq0H.js             9.28 kB │ gzip:   2.88 kB
dist/assets/PageBuilderPage-Dlg4odrq.js                 10.49 kB │ gzip:   3.60 kB
dist/assets/AnalysisJobConfigPage-CxcEJJ-K.js           11.10 kB │ gzip:   3.63 kB
dist/assets/productApiClient-B-cQDwxI.js                11.25 kB │ gzip:   3.60 kB
dist/assets/WidgetAuthoringPanel-DjzvXY1O.js            12.51 kB │ gzip:   3.91 kB
dist/assets/CommercialLicensePage-C1Vu4INE.js           12.99 kB │ gzip:   3.42 kB
dist/assets/ValueExecutiveDashboardPage-BaNBwg3S.js     13.48 kB │ gzip:   4.58 kB
dist/assets/StandardTable-CXNeUw3X.js                   15.30 kB │ gzip:   5.45 kB
dist/assets/MaterialAnalyticsPages-B--_jYpr.js          26.22 kB │ gzip:   7.91 kB
dist/assets/apiClient-DuyP_3AB.js                       38.20 kB │ gzip:  11.14 kB
dist/assets/SharedAuthoringShell-aKTP9EWb.js            40.13 kB │ gzip:  11.35 kB
dist/assets/chunk-5KNZJZUH-Bpcrioq9.js                  42.19 kB │ gzip:  15.05 kB
dist/assets/DataIntegrationRoutes-DcNGlqSi.js           74.61 kB │ gzip:  17.83 kB
dist/assets/CanvasShell-SQwURWSF.js                    166.49 kB │ gzip:  52.66 kB
dist/assets/index-C8Z7V8oz.js                          770.72 kB │ gzip: 225.16 kB

[32m✓ built in 1.47s[39m
[33m[plugin builtin:vite-reporter] 
(!) Some chunks are larger than 500 kB after minification. Consider:
- Using dynamic import() to code-split the application
- Use build.rolldownOptions.output.codeSplitting to improve chunking: https://rolldown.rs/reference/OutputOptions.codeSplitting
- Adjust chunk size limit for this warning via build.chunkSizeWarningLimit.[39m
