// Vitest Snapshot v1, https://vitest.dev/guide/snapshot.html

exports[`StandardButton > renders disabled snapshot for danger lg 1`] = `"<button type="button" class="ppiq-std-button ppiq-std-button--danger ppiq-std-button--lg ppiq-std-button--is-disabled" disabled="" aria-disabled="true" data-variant="danger"><span>Disabled</span></button>"`;

exports[`StandardButton > renders disabled snapshot for danger md 1`] = `"<button type="button" class="ppiq-std-button ppiq-std-button--danger ppiq-std-button--md ppiq-std-button--is-disabled" disabled="" aria-disabled="true" data-variant="danger"><span>Disabled</span></button>"`;

exports[`StandardButton > renders disabled snapshot for danger sm 1`] = `"<button type="button" class="ppiq-std-button ppiq-std-button--danger ppiq-std-button--sm ppiq-std-button--is-disabled" disabled="" aria-disabled="true" data-variant="danger"><span>Disabled</span></button>"`;

exports[`StandardButton > renders disabled snapshot for ghost lg 1`] = `"<button type="button" class="ppiq-std-button ppiq-std-button--ghost ppiq-std-button--lg ppiq-std-button--is-disabled" disabled="" aria-disabled="true" data-variant="ghost"><span>Disabled</span></button>"`;

exports[`StandardButton > renders disabled snapshot for ghost md 1`] = `"<button type="button" class="ppiq-std-button ppiq-std-button--ghost ppiq-std-button--md ppiq-std-button--is-disabled" disabled="" aria-disabled="true" data-variant="ghost"><span>Disabled</span></button>"`;

exports[`StandardButton > renders disabled snapshot for ghost sm 1`] = `"<button type="button" class="ppiq-std-button ppiq-std-button--ghost ppiq-std-button--sm ppiq-std-button--is-disabled" disabled="" aria-disabled="true" data-variant="ghost"><span>Disabled</span></button>"`;

exports[`StandardButton > renders disabled snapshot for primary lg 1`] = `"<button type="button" class="ppiq-std-button ppiq-std-button--primary ppiq-std-button--lg ppiq-std-button--is-disabled" disabled="" aria-disabled="true" data-variant="primary"><span>Disabled</span></button>"`;

exports[`StandardButton > renders disabled snapshot for primary md 1`] = `"<button type="button" class="ppiq-std-button ppiq-std-button--primary ppiq-std-button--md ppiq-std-button--is-disabled" disabled="" aria-disabled="true" data-variant="primary"><span>Disabled</span></button>"`;

exports[`StandardButton > renders disabled snapshot for primary sm 1`] = `"<button type="button" class="ppiq-std-button ppiq-std-button--primary ppiq-std-button--sm ppiq-std-button--is-disabled" disabled="" aria-disabled="true" data-variant="primary"><span>Disabled</span></button>"`;

exports[`StandardButton > renders disabled snapshot for secondary lg 1`] = `"<button type="button" class="ppiq-std-button ppiq-std-button--secondary ppiq-std-button--lg ppiq-std-button--is-disabled" disabled="" aria-disabled="true" data-variant="secondary"><span>Disabled</span></button>"`;

exports[`StandardButton > renders disabled snapshot for secondary md 1`] = `"<button type="button" class="ppiq-std-button ppiq-std-button--secondary ppiq-std-button--md ppiq-std-button--is-disabled" disabled="" aria-disabled="true" data-variant="secondary"><span>Disabled</span></button>"`;

exports[`StandardButton > renders disabled snapshot for secondary sm 1`] = `"<button type="button" class="ppiq-std-button ppiq-std-button--secondary ppiq-std-button--sm ppiq-std-button--is-disabled" disabled="" aria-disabled="true" data-variant="secondary"><span>Disabled</span></button>"`;

exports[`StandardButton > renders disabled snapshot for success lg 1`] = `"<button type="button" class="ppiq-std-button ppiq-std-button--success ppiq-std-button--lg ppiq-std-button--is-disabled" disabled="" aria-disabled="true" data-variant="success"><span>Disabled</span></button>"`;

exports[`StandardButton > renders disabled snapshot for success md 1`] = `"<button type="button" class="ppiq-std-button ppiq-std-button--success ppiq-std-button--md ppiq-std-button--is-disabled" disabled="" aria-disabled="true" data-variant="success"><span>Disabled</span></button>"`;

exports[`StandardButton > renders disabled snapshot for success sm 1`] = `"<button type="button" class="ppiq-std-button ppiq-std-button--success ppiq-std-button--sm ppiq-std-button--is-disabled" disabled="" aria-disabled="true" data-variant="success"><span>Disabled</span></button>"`;

exports[`StandardButton > renders loading snapshot for danger lg 1`] = `"<button type="button" class="ppiq-std-button ppiq-std-button--danger ppiq-std-button--lg ppiq-std-button--is-disabled ppiq-std-button--is-loading" disabled="" aria-busy="true" aria-disabled="true" data-loading="true" data-variant="danger"><span class="ppiq-std-button__spinner" aria-hidden="true"></span><span class="ppiq-std-button__label--loading">Loading</span></button>"`;

exports[`StandardButton > renders loading snapshot for danger md 1`] = `"<button type="button" class="ppiq-std-button ppiq-std-button--danger ppiq-std-button--md ppiq-std-button--is-disabled ppiq-std-button--is-loading" disabled="" aria-busy="true" aria-disabled="true" data-loading="true" data-variant="danger"><span class="ppiq-std-button__spinner" aria-hidden="true"></span><span class="ppiq-std-button__label--loading">Loading</span></button>"`;

exports[`StandardButton > renders loading snapshot for danger sm 1`] = `"<button type="button" class="ppiq-std-button ppiq-std-button--danger ppiq-std-button--sm ppiq-std-button--is-disabled ppiq-std-button--is-loading" disabled="" aria-busy="true" aria-disabled="true" data-loading="true" data-variant="danger"><span class="ppiq-std-button__spinner" aria-hidden="true"></span><span class="ppiq-std-button__label--loading">Loading</span></button>"`;

exports[`StandardButton > renders loading snapshot for ghost lg 1`] = `"<button type="button" class="ppiq-std-button ppiq-std-button--ghost ppiq-std-button--lg ppiq-std-button--is-disabled ppiq-std-button--is-loading" disabled="" aria-busy="true" aria-disabled="true" data-loading="true" data-variant="ghost"><span class="ppiq-std-button__spinner" aria-hidden="true"></span><span class="ppiq-std-button__label--loading">Loading</span></button>"`;

exports[`StandardButton > renders loading snapshot for ghost md 1`] = `"<button type="button" class="ppiq-std-button ppiq-std-button--ghost ppiq-std-button--md ppiq-std-button--is-disabled ppiq-std-button--is-loading" disabled="" aria-busy="true" aria-disabled="true" data-loading="true" data-variant="ghost"><span class="ppiq-std-button__spinner" aria-hidden="true"></span><span class="ppiq-std-button__label--loading">Loading</span></button>"`;

exports[`StandardButton > renders loading snapshot for ghost sm 1`] = `"<button type="button" class="ppiq-std-button ppiq-std-button--ghost ppiq-std-button--sm ppiq-std-button--is-disabled ppiq-std-button--is-loading" disabled="" aria-busy="true" aria-disabled="true" data-loading="true" data-variant="ghost"><span class="ppiq-std-button__spinner" aria-hidden="true"></span><span class="ppiq-std-button__label--loading">Loading</span></button>"`;

exports[`StandardButton > renders loading snapshot for primary lg 1`] = `"<button type="button" class="ppiq-std-button ppiq-std-button--primary ppiq-std-button--lg ppiq-std-button--is-disabled ppiq-std-button--is-loading" disabled="" aria-busy="true" aria-disabled="true" data-loading="true" data-variant="primary"><span class="ppiq-std-button__spinner" aria-hidden="true"></span><span class="ppiq-std-button__label--loading">Loading</span></button>"`;

exports[`StandardButton > renders loading snapshot for primary md 1`] = `"<button type="button" class="ppiq-std-button ppiq-std-button--primary ppiq-std-button--md ppiq-std-button--is-disabled ppiq-std-button--is-loading" disabled="" aria-busy="true" aria-disabled="true" data-loading="true" data-variant="primary"><span class="ppiq-std-button__spinner" aria-hidden="true"></span><span class="ppiq-std-button__label--loading">Loading</span></button>"`;

exports[`StandardButton > renders loading snapshot for primary sm 1`] = `"<button type="button" class="ppiq-std-button ppiq-std-button--primary ppiq-std-button--sm ppiq-std-button--is-disabled ppiq-std-button--is-loading" disabled="" aria-busy="true" aria-disabled="true" data-loading="true" data-variant="primary"><span class="ppiq-std-button__spinner" aria-hidden="true"></span><span class="ppiq-std-button__label--loading">Loading</span></button>"`;

exports[`StandardButton > renders loading snapshot for secondary lg 1`] = `"<button type="button" class="ppiq-std-button ppiq-std-button--secondary ppiq-std-button--lg ppiq-std-button--is-disabled ppiq-std-button--is-loading" disabled="" aria-busy="true" aria-disabled="true" data-loading="true" data-variant="secondary"><span class="ppiq-std-button__spinner" aria-hidden="true"></span><span class="ppiq-std-button__label--loading">Loading</span></button>"`;

exports[`StandardButton > renders loading snapshot for secondary md 1`] = `"<button type="button" class="ppiq-std-button ppiq-std-button--secondary ppiq-std-button--md ppiq-std-button--is-disabled ppiq-std-button--is-loading" disabled="" aria-busy="true" aria-disabled="true" data-loading="true" data-variant="secondary"><span class="ppiq-std-button__spinner" aria-hidden="true"></span><span class="ppiq-std-button__label--loading">Loading</span></button>"`;

exports[`StandardButton > renders loading snapshot for secondary sm 1`] = `"<button type="button" class="ppiq-std-button ppiq-std-button--secondary ppiq-std-button--sm ppiq-std-button--is-disabled ppiq-std-button--is-loading" disabled="" aria-busy="true" aria-disabled="true" data-loading="true" data-variant="secondary"><span class="ppiq-std-button__spinner" aria-hidden="true"></span><span class="ppiq-std-button__label--loading">Loading</span></button>"`;

exports[`StandardButton > renders loading snapshot for success lg 1`] = `"<button type="button" class="ppiq-std-button ppiq-std-button--success ppiq-std-button--lg ppiq-std-button--is-disabled ppiq-std-button--is-loading" disabled="" aria-busy="true" aria-disabled="true" data-loading="true" data-variant="success"><span class="ppiq-std-button__spinner" aria-hidden="true"></span><span class="ppiq-std-button__label--loading">Loading</span></button>"`;

exports[`StandardButton > renders loading snapshot for success md 1`] = `"<button type="button" class="ppiq-std-button ppiq-std-button--success ppiq-std-button--md ppiq-std-button--is-disabled ppiq-std-button--is-loading" disabled="" aria-busy="true" aria-disabled="true" data-loading="true" data-variant="success"><span class="ppiq-std-button__spinner" aria-hidden="true"></span><span class="ppiq-std-button__label--loading">Loading</span></button>"`;

exports[`StandardButton > renders loading snapshot for success sm 1`] = `"<button type="button" class="ppiq-std-button ppiq-std-button--success ppiq-std-button--sm ppiq-std-button--is-disabled ppiq-std-button--is-loading" disabled="" aria-busy="true" aria-disabled="true" data-loading="true" data-variant="success"><span class="ppiq-std-button__spinner" aria-hidden="true"></span><span class="ppiq-std-button__label--loading">Loading</span></button>"`;

exports[`StandardButton > renders snapshot for danger lg 1`] = `"<button type="button" class="ppiq-std-button ppiq-std-button--danger ppiq-std-button--lg" data-variant="danger"><span>Button</span></button>"`;

exports[`StandardButton > renders snapshot for danger md 1`] = `"<button type="button" class="ppiq-std-button ppiq-std-button--danger ppiq-std-button--md" data-variant="danger"><span>Button</span></button>"`;

exports[`StandardButton > renders snapshot for danger sm 1`] = `"<button type="button" class="ppiq-std-button ppiq-std-button--danger ppiq-std-button--sm" data-variant="danger"><span>Button</span></button>"`;

exports[`StandardButton > renders snapshot for ghost lg 1`] = `"<button type="button" class="ppiq-std-button ppiq-std-button--ghost ppiq-std-button--lg" data-variant="ghost"><span>Button</span></button>"`;

exports[`StandardButton > renders snapshot for ghost md 1`] = `"<button type="button" class="ppiq-std-button ppiq-std-button--ghost ppiq-std-button--md" data-variant="ghost"><span>Button</span></button>"`;

exports[`StandardButton > renders snapshot for ghost sm 1`] = `"<button type="button" class="ppiq-std-button ppiq-std-button--ghost ppiq-std-button--sm" data-variant="ghost"><span>Button</span></button>"`;

exports[`StandardButton > renders snapshot for primary lg 1`] = `"<button type="button" class="ppiq-std-button ppiq-std-button--primary ppiq-std-button--lg" data-variant="primary"><span>Button</span></button>"`;

exports[`StandardButton > renders snapshot for primary md 1`] = `"<button type="button" class="ppiq-std-button ppiq-std-button--primary ppiq-std-button--md" data-variant="primary"><span>Button</span></button>"`;

exports[`StandardButton > renders snapshot for primary sm 1`] = `"<button type="button" class="ppiq-std-button ppiq-std-button--primary ppiq-std-button--sm" data-variant="primary"><span>Button</span></button>"`;

exports[`StandardButton > renders snapshot for secondary lg 1`] = `"<button type="button" class="ppiq-std-button ppiq-std-button--secondary ppiq-std-button--lg" data-variant="secondary"><span>Button</span></button>"`;

exports[`StandardButton > renders snapshot for secondary md 1`] = `"<button type="button" class="ppiq-std-button ppiq-std-button--secondary ppiq-std-button--md" data-variant="secondary"><span>Button</span></button>"`;

exports[`StandardButton > renders snapshot for secondary sm 1`] = `"<button type="button" class="ppiq-std-button ppiq-std-button--secondary ppiq-std-button--sm" data-variant="secondary"><span>Button</span></button>"`;

exports[`StandardButton > renders snapshot for success lg 1`] = `"<button type="button" class="ppiq-std-button ppiq-std-button--success ppiq-std-button--lg" data-variant="success"><span>Button</span></button>"`;

exports[`StandardButton > renders snapshot for success md 1`] = `"<button type="button" class="ppiq-std-button ppiq-std-button--success ppiq-std-button--md" data-variant="success"><span>Button</span></button>"`;

exports[`StandardButton > renders snapshot for success sm 1`] = `"<button type="button" class="ppiq-std-button ppiq-std-button--success ppiq-std-button--sm" data-variant="success"><span>Button</span></button>"`;
