**********************
Windows PowerShell transcript start
Start time: 20260610120159
Username: SMS-GROUP\elka01
RunAs User: SMS-GROUP\elka01
Configuration Name: 
Machine: WAP174432 (Microsoft Windows NT 10.0.26100.0)
Host Application: C:\Windows\System32\WindowsPowerShell\v1.0\powershell.exe
Process ID: 6220
PSVersion: 5.1.26100.7920
PSEdition: Desktop
PSCompatibleVersions: 1.0, 2.0, 3.0, 4.0, 5.0, 5.1.26100.7920
BuildVersion: 10.0.26100.7920
CLRVersion: 4.0.30319.42000
WSManStackVersion: 3.0
PSRemotingProtocolVersion: 2.3
SerializationVersion: 1.1.0.1
**********************
PS C:\Workspace\PlantProcess-IQ> try {
    Write-P1 "Starting P1-T01 live-stack stabilization."

    Invoke-Checked -Name "docker version" -FilePath "docker" -Arguments @("version")
    Invoke-Checked -Name "git status" -FilePath "git" -Arguments @("status", "--short")

    $Commit = Get-GitValue @("rev-parse", "--short", "HEAD")
    $Branch = Get-GitValue @("rev-parse", "--abbrev-ref", "HEAD")
    $BuildUtc = (Get-Date).ToUniversalTime().ToString("o")

    $ComposeFile = Find-ComposeFile
    $ComposeServices = Get-ComposeServices -ComposeFile $ComposeFile
    $AppServices = Select-AppServices -Services $ComposeServices
    $DbServices = Select-DbServices -Services $ComposeServices

    Write-P1 "Commit       : $Commit"
    Write-P1 "Branch       : $Branch"
    Write-P1 "Compose file : $ComposeFile"
    Write-P1 "App services : $($AppServices -join ', ')"

    if ($DbServices.Count -gt 0) {
        Write-P1 "DB services  : $($DbServices -join ', ')"
    }
    else {
        Write-Yellow "No Docker DB service detected in compose. Treating DB as native/external for local validation."
    }

    $buildInfo = @"
{
  "product": "PlantProcess IQ",
  "phase": "P1-T01 Live-stack stabilization",
  "commit": "$Commit",
  "branch": "$Branch",
  "builtAtUtc": "$BuildUtc",
  "composeProject": "$ComposeProject",
  "composeFile": "$ComposeFile"
}
"@

    Write-TextFile -Path (Join-Path $RepoRoot "deploy\build-info.json") -Content $buildInfo

    if (Test-Path (Join-Path $RepoRoot "Frontend\PlantProcess.Web\public")) {
        Write-TextFile -Path (Join-Path $RepoRoot "Frontend\PlantProcess.Web\public\build-info.json") -Content $buildInfo
    }

    if (Test-Path (Join-Path $RepoRoot "Website\PlantProcess.Website\public")) {
        Write-TextFile -Path (Join-Path $RepoRoot "Website\PlantProcess.Website\public\build-info.json") -Content $buildInfo
    }

    $programPath = Join-Path $RepoRoot "Backend\PlantProcess.Api\Program.cs"
    if (Test-Path $programPath) {
        $program = Get-Content -Raw -Path $programPath

        if ($program -notmatch "PPIQ_P1_T01_VERSION_ENDPOINT") {
            Backup-File $programPath

            $marker = "var app = builder.Build();"

            if ($program.Contains($marker)) {
                $insert = @'
var app = builder.Build();

// PPIQ_P1_T01_VERSION_ENDPOINT
app.MapGet("/version", () => Results.Ok(new
{
    product = "PlantProcess IQ",
    phase = "P1-T01 Live-stack stabilization",
    commit = Environment.GetEnvironmentVariable("PPIQ_BUILD_COMMIT") ?? "unknown",
    branch = Environment.GetEnvironmentVariable("PPIQ_BUILD_BRANCH") ?? "unknown",
    builtAtUtc = Environment.GetEnvironmentVariable("PPIQ_BUILD_UTC") ?? "unknown",
    source = "api-runtime"
}))
.AllowAnonymous()
.WithName("PpiqVersion");

app.MapGet("/api/version", () => Results.Ok(new
{
    product = "PlantProcess IQ",
    phase = "P1-T01 Live-stack stabilization",
    commit = Environment.GetEnvironmentVariable("PPIQ_BUILD_COMMIT") ?? "unknown",
    branch = Environment.GetEnvironmentVariable("PPIQ_BUILD_BRANCH") ?? "unknown",
    builtAtUtc = Environment.GetEnvironmentVariable("PPIQ_BUILD_UTC") ?? "unknown",
    source = "api-runtime"
}))
.AllowAnonymous()
.WithName("PpiqApiVersion");

'@
                $program = $program.Replace($marker, $insert)
                Write-TextFile -Path $programPath -Content $program
                Write-P1 "Injected /version endpoint into Program.cs."
            }
            else {
                Write-Yellow "Could not find Program.cs marker. /version endpoint was not injected."
            }
        }
        else {
            Write-P1 "/version endpoint marker already exists."
        }
    }

    $overlayFile = Join-Path $LiveDir "docker-compose.p1-t01.env.yml"

    $overlayLines = New-Object System.Collections.Generic.List[string]
    $overlayLines.Add("services:")

    foreach ($svc in $AppServices) {
        $overlayLines.Add("  ${svc}:")
        $overlayLines.Add("    environment:")
        $overlayLines.Add("      PPIQ_BUILD_COMMIT: `"$Commit`"")
        $overlayLines.Add("      PPIQ_BUILD_BRANCH: `"$Branch`"")
        $overlayLines.Add("      PPIQ_BUILD_UTC: `"$BuildUtc`"")
    }

    Write-TextFile -Path $overlayFile -Content (($overlayLines -join "`r`n") + "`r`n")

    $dbBefore = Get-DbIdentitySnapshot -ComposeFile $ComposeFile -DbServices $DbServices
    Write-TextFile -Path (Join-Path $EvidenceRoot "db-identity-before.txt") -Content $dbBefore

    $runningIdsBefore = Get-ContainerIdsForServices -ComposeFile $ComposeFile -Services $AppServices
    $removedOrphans = Remove-CrashLoopOrphanContainers -KeepContainerIds $runningIdsBefore
    Write-TextFile -Path (Join-Path $EvidenceRoot "removed-orphans.txt") -Content (($removedOrphans -join "`n") + "`n")

    $knownGoodTag = "known-good-$((Get-Date).ToString('yyyyMMdd'))-$Commit"
    $rollbackItems = @()

    foreach ($id in $runningIdsBefore) {
        $image = (& docker inspect -f "{{.Config.Image}}" $id).Trim()
        $name = (& docker inspect -f "{{.Name}}" $id).Trim().TrimStart("/")

        if (-not [string]::IsNullOrWhiteSpace($image)) {
            $base = ($image -split ":", 2)[0]
            $tagged = "$base`:$knownGoodTag"

            docker image inspect $image *> $null
            if ($LASTEXITCODE -eq 0) {
                docker tag $image $tagged
                if ($LASTEXITCODE -ne 0) {
                    throw "Failed to tag image $image as $tagged"
                }

                $rollbackItems += [pscustomobject]@{
                    container = $name
                    currentImage = $image
                    knownGoodImage = $tagged
                }
            }
        }
    }

    $rollbackManifest = Join-Path $LiveDir "rollback-p1-t01-$Stamp.json"
    $rollbackItems | ConvertTo-Json -Depth 5 | Set-Content -Path $rollbackManifest -Encoding utf8

    Backup-And-Write -Path (Join-Path $LiveDir "rollback-p1-t01.ps1") -Content @'
param(
    [string]$RepoRoot = "C:\Workspace\PlantProcess-IQ",
    [string]$ComposeProject = "plantprocessiq",
    [string]$ComposeFile = "",
    [string]$Manifest = ""
)

$ErrorActionPreference = "Stop"

Set-Location $RepoRoot

if ([string]::IsNullOrWhiteSpace($ComposeFile)) {
    $candidates = @(
        "deploy\compose\docker-compose.demo.yml",
        "deploy\compose\docker-compose.prod.yml",
        "deploy\compose\docker-compose.base.yml",
        "Infrastructure\deploy\docker-compose.demo.yml"
    )

    foreach ($candidate in $candidates) {
        $full = Join-Path $RepoRoot $candidate
        if (Test-Path $full) {
            $ComposeFile = $full
            break
        }
    }
}

if ([string]::IsNullOrWhiteSpace($Manifest)) {
    $Manifest = Get-ChildItem -Path (Join-Path $RepoRoot "deploy\live") -Filter "rollback-p1-t01-*.json" |
        Sort-Object LastWriteTime -Descending |
        Select-Object -First 1 |
        ForEach-Object { $_.FullName }
}

if (-not (Test-Path $Manifest)) {
    throw "Rollback manifest not found."
}

$items = Get-Content -Raw -Path $Manifest | ConvertFrom-Json
$started = Get-Date

foreach ($item in $items) {
    docker image inspect $item.knownGoodImage *> $null
    if ($LASTEXITCODE -ne 0) {
        throw "Known-good image not found: $($item.knownGoodImage)"
    }

    docker tag $item.knownGoodImage $item.currentImage
    if ($LASTEXITCODE -ne 0) {
        throw "Failed restoring $($item.currentImage)"
    }
}

$services = docker compose -p $ComposeProject -f $ComposeFile config --services |
    Where-Object {
        $_ -match "(api|worker|web|website|frontend|app)" -and
        $_ -notmatch "(postgres|db|database|redis|mysql|oracle|mssql|caddy)"
    }

docker compose -p $ComposeProject -f $ComposeFile up -d --no-deps @services
if ($LASTEXITCODE -ne 0) {
    throw "Rollback compose up failed."
}

$elapsed = [int]((Get-Date) - $started).TotalSeconds
if ($elapsed -gt 120) {
    throw "Rollback exceeded 120 seconds. Elapsed=${elapsed}s"
}

Write-Host "[GREEN] P1-T01 rollback completed in ${elapsed}s."
'@

    Write-P1 "Rebuilding/recreating app services only with --no-deps."

    $composeArgs = @(
        "-p", $ComposeProject,
        "-f", $ComposeFile,
        "-f", $overlayFile,
        "up", "-d", "--no-deps", "--build"
    ) + $AppServices

    & docker compose @composeArgs
    if ($LASTEXITCODE -ne 0) {
        throw "docker compose app-service redeploy failed."
    }

    Start-Sleep -Seconds 8

    $runningIdsAfter = Get-ContainerIdsForServices -ComposeFile $ComposeFile -Services $AppServices

    if ($runningIdsAfter.Count -eq 0) {
        throw "No app service containers are running after redeploy."
    }

    foreach ($id in $runningIdsAfter) {
        $name = (& docker inspect -f "{{.Name}}" $id).Trim().TrimStart("/")
        $state = (& docker inspect -f "{{.State.Status}}" $id).Trim()
        $restartCount = (& docker inspect -f "{{.RestartCount}}" $id).Trim()

        if ($state -ne "running") {
            throw "Container $name is not running. State=$state"
        }

        if ([int]$restartCount -ne 0) {
            throw "Container $name has RestartCount=$restartCount. Expected 0."
        }
    }

    $dbAfter = Get-DbIdentitySnapshot -ComposeFile $ComposeFile -DbServices $DbServices
    Write-TextFile -Path (Join-Path $EvidenceRoot "db-identity-after.txt") -Content $dbAfter

    if ($dbBefore -ne $dbAfter) {
        throw "DB identity changed during P1-T01 app-only deploy. Check db-identity-before/after evidence."
    }

    Write-P1 "Validating API /version."

    $version = Invoke-HttpOk -Url "$ApiBaseUrl/version" -Name "API /version"
    Write-TextFile -Path (Join-Path $EvidenceRoot "api-version.json") -Content $version

    if ($version -notmatch [regex]::Escape($Commit)) {
        throw "API /version does not show latest commit $Commit. Response: $version"
    }

    if (-not [string]::IsNullOrWhiteSpace($AppBaseUrl)) {
        try {
            $appHtml = Invoke-HttpOk -Url $AppBaseUrl -Name "frontend app"
            Write-TextFile -Path (Join-Path $EvidenceRoot "frontend-home.html") -Content $appHtml
        }
        catch {
            Write-Yellow "Frontend URL check skipped/failed: $($_.Exception.Message)"
        }
    }

    if (-not [string]::IsNullOrWhiteSpace($WebsiteBaseUrl)) {
        try {
            $websiteHtml = Invoke-HttpOk -Url $WebsiteBaseUrl -Name "website"
            Write-TextFile -Path (Join-Path $EvidenceRoot "website-home.html") -Content $websiteHtml
        }
        catch {
            Write-Yellow "Website URL check skipped/failed: $($_.Exception.Message)"
        }
    }

    Write-P1 "Running stability check for $StabilityMinutes minute(s)."

    for ($i = 1; $i -le $StabilityMinutes; $i++) {
        Invoke-HttpOk -Url "$ApiBaseUrl/version" -Name "API stability $i/$StabilityMinutes" | Out-Null

        foreach ($id in $runningIdsAfter) {
            $name = (& docker inspect -f "{{.Name}}" $id).Trim().TrimStart("/")
            $state = (& docker inspect -f "{{.State.Status}}" $id).Trim()
            $restartCount = (& docker inspect -f "{{.RestartCount}}" $id).Trim()

            if ($state -ne "running") {
                throw "During stability check, container $name is not running. State=$state"
            }

            if ([int]$restartCount -ne 0) {
                throw "During stability check, container $name has RestartCount=$restartCount. Expected 0."
            }
        }

        if ($i -lt $StabilityMinutes) {
            Start-Sleep -Seconds 60
        }
    }

    $finalContainers = & docker ps -a --format "{{.Names}}|{{.Status}}" |
        Where-Object { $_ -match "^(plantprocess|ppiq)" } |
        Sort-Object

    Write-TextFile -Path (Join-Path $EvidenceRoot "final-containers.txt") -Content (($finalContainers -join "`n") + "`n")

    $summary = @"
# P1-T01 Live-stack stabilization complete

Generated: $(Get-Date -Format o)

Commit: $Commit
Branch: $Branch
Compose project: $ComposeProject
Compose file: $ComposeFile
App services: $($AppServices -join ', ')
DB services: $($DbServices -join ', ')

Validation:
- App services rebuilt/recreated with --no-deps.
- Docker DB identity unchanged when Docker DB exists.
- Native/external DB mode accepted when no Docker DB service exists.
- Crash-loop/exited plantprocess/ppiq orphan app containers removed when found.
- API /version serves latest commit.
- RestartCount stayed 0 for $StabilityMinutes minute(s).
- Rollback script created: deploy\live\rollback-p1-t01.ps1
- Rollback manifest created: $rollbackManifest

Evidence folder:
$EvidenceRoot
"@

    Write-TextFile -Path (Join-Path $EvidenceRoot "P1-T01_SUMMARY.md") -Content $summary

    Write-Green "P1-T01 is DONE by description and validation."
    Write-Host "Evidence: $EvidenceRoot"
    Write-Host "Rollback: .\deploy\live\rollback-p1-t01.ps1"
}
finally {
    Stop-Transcript | Out-Null
}
[P1-T01] Starting P1-T01 live-stack stabilization.
[P1-T01] Running: docker version
Client:
 Version:           29.4.3
 API version:       1.54
 Go version:        go1.26.2
 Git commit:        055a478
 Built:             Wed May  6 17:10:36 2026
 OS/Arch:           windows/amd64
 Context:           desktop-linux

Server: Docker Desktop 4.73.0 (226246)
 Engine:
  Version:          29.4.3
  API version:      1.54 (minimum version 1.40)
  Go version:       go1.26.2
  Git commit:       56be731
  Built:            Wed May  6 17:07:37 2026
  OS/Arch:          linux/amd64
  Experimental:     false
 containerd:
  Version:          v2.2.3
  GitCommit:        77c84241c7cbdd9b4eca2591793e3d4f4317c590
 runc:
  Version:          1.3.5
  GitCommit:        v1.3.5-0-g488fc13e
 docker-init:
  Version:          0.19.0
  GitCommit:        de40ad0
[P1-T01] Running: git status
 M Backend/PlantProcess.Api/Program.cs
?? .phase1_backups/
?? Documentation/P1-T01_LiveStack_20260610_115718/
?? Documentation/P1-T01_LiveStack_20260610_115900/
?? Documentation/P1-T01_LiveStack_20260610_115918/
?? Documentation/P1-T01_LiveStack_20260610_115950/
?? Documentation/P1-T01_LiveStack_20260610_120157/
?? Documentation/docs/PPIQ_2Week_Launch_Backlog_v2_10Jun2026.xlsx
?? Documentation/docs/~$PPIQ_2Week_Launch_Backlog_v2_10Jun2026.xlsx
?? Frontend/PlantProcess.Web/public/build-info.json
?? Website/PlantProcess.Website/public/build-info.json
?? deploy/build-info.json
?? deploy/live/
[P1-T01] Commit       : b9bf698
[P1-T01] Branch       : main
[P1-T01] Compose file : C:\Workspace\PlantProcess-IQ\deploy\compose\docker-compose.demo.yml
[P1-T01] App services : plantprocess-api, plantprocess-app-web, plantprocess-website, plantprocess-workers
**********************
Windows PowerShell transcript end
End time: 20260610120208
**********************
